Component: Arm Compiler for Embedded 6.22 Tool: armlink [5ee90200]

==============================================================================

Section Cross References

    main.o(.text.main) refers to bsp.o(.text.bsp_Init) for bsp_Init
    main.o(.text.main) refers to main.o(.text.PrintfLogo) for PrintfLogo
    main.o(.text.main) refers to main.o(.text.PrintfHelp) for PrintfHelp
    main.o(.text.main) refers to bsp_led.o(.text.bsp_led_on) for bsp_led_on
    main.o(.text.main) refers to bsp_timer.o(.text.bsp_DelayMS) for bsp_DelayMS
    main.o(.text.main) refers to bsp_led.o(.text.bsp_led_off) for bsp_led_off
    main.o(.text.main) refers to bsp_timer.o(.text.bsp_StartAutoTimer) for bsp_StartAutoTimer
    main.o(.text.main) refers to bsp.o(.text.bsp_Idle) for bsp_Idle
    main.o(.text.main) refers to bsp_timer.o(.text.bsp_CheckTimer) for bsp_CheckTimer
    main.o(.text.main) refers to bsp_led.o(.text.bsp_led_toggle) for bsp_led_toggle
    main.o(.ARM.exidx.text.main) refers to main.o(.text.main) for [Anonymous Symbol]
    main.o(.text.PrintfLogo) refers to main.o(.rodata.str1.1) for .L.str.3
    main.o(.text.PrintfLogo) refers to printf.o(.text) for printf
    main.o(.text.PrintfLogo) refers to system_stm32h7xx.o(.data.SystemCoreClock) for SystemCoreClock
    main.o(.ARM.exidx.text.PrintfLogo) refers to main.o(.text.PrintfLogo) for [Anonymous Symbol]
    main.o(.text.PrintfHelp) refers to main.o(.rodata.str1.1) for .L.str
    main.o(.text.PrintfHelp) refers to printf.o(.text) for printf
    main.o(.ARM.exidx.text.PrintfHelp) refers to main.o(.text.PrintfHelp) for [Anonymous Symbol]
    bsp.o(.text.bsp_Init) refers to bsp.o(.text.MPU_Config) for MPU_Config
    bsp.o(.text.bsp_Init) refers to bsp.o(.text.CPU_CACHE_Enable) for CPU_CACHE_Enable
    bsp.o(.text.bsp_Init) refers to stm32h7xx_hal.o(.text.HAL_Init) for HAL_Init
    bsp.o(.text.bsp_Init) refers to bsp.o(.text.SystemClock_Config) for SystemClock_Config
    bsp.o(.text.bsp_Init) refers to bsp_key.o(.text.bsp_InitKey) for bsp_InitKey
    bsp.o(.text.bsp_Init) refers to bsp_timer.o(.text.bsp_InitTimer) for bsp_InitTimer
    bsp.o(.text.bsp_Init) refers to bsp_uart_fifo.o(.text.bsp_InitUart) for bsp_InitUart
    bsp.o(.text.bsp_Init) refers to bsp_led.o(.text.bsp_led_init) for bsp_led_init
    bsp.o(.ARM.exidx.text.bsp_Init) refers to bsp.o(.text.bsp_Init) for [Anonymous Symbol]
    bsp.o(.text.MPU_Config) refers to stm32h7xx_hal_cortex.o(.text.HAL_MPU_Disable) for HAL_MPU_Disable
    bsp.o(.text.MPU_Config) refers to stm32h7xx_hal_cortex.o(.text.HAL_MPU_ConfigRegion) for HAL_MPU_ConfigRegion
    bsp.o(.text.MPU_Config) refers to stm32h7xx_hal_cortex.o(.text.HAL_MPU_Enable) for HAL_MPU_Enable
    bsp.o(.ARM.exidx.text.MPU_Config) refers to bsp.o(.text.MPU_Config) for [Anonymous Symbol]
    bsp.o(.ARM.exidx.text.CPU_CACHE_Enable) refers to bsp.o(.text.CPU_CACHE_Enable) for [Anonymous Symbol]
    bsp.o(.text.SystemClock_Config) refers to stm32h7xx_hal_rcc.o(.text.HAL_RCC_OscConfig) for HAL_RCC_OscConfig
    bsp.o(.text.SystemClock_Config) refers to bsp.o(.rodata.str1.1) for .L.str
    bsp.o(.text.SystemClock_Config) refers to bsp.o(.text.Error_Handler) for Error_Handler
    bsp.o(.text.SystemClock_Config) refers to stm32h7xx_hal_rcc.o(.text.HAL_RCC_ClockConfig) for HAL_RCC_ClockConfig
    bsp.o(.text.SystemClock_Config) refers to stm32h7xx_hal.o(.text.HAL_EnableCompensationCell) for HAL_EnableCompensationCell
    bsp.o(.ARM.exidx.text.SystemClock_Config) refers to bsp.o(.text.SystemClock_Config) for [Anonymous Symbol]
    bsp.o(.ARM.exidx.text.Error_Handler) refers to bsp.o(.text.Error_Handler) for [Anonymous Symbol]
    bsp.o(.text.bsp_RunPer10ms) refers to bsp_key.o(.text.bsp_KeyScan10ms) for bsp_KeyScan10ms
    bsp.o(.ARM.exidx.text.bsp_RunPer10ms) refers to bsp.o(.text.bsp_RunPer10ms) for [Anonymous Symbol]
    bsp.o(.ARM.exidx.text.bsp_RunPer1ms) refers to bsp.o(.text.bsp_RunPer1ms) for [Anonymous Symbol]
    bsp.o(.ARM.exidx.text.bsp_Idle) refers to bsp.o(.text.bsp_Idle) for [Anonymous Symbol]
    stm32h7xx_it.o(.ARM.exidx.text.NMI_Handler) refers to stm32h7xx_it.o(.text.NMI_Handler) for [Anonymous Symbol]
    stm32h7xx_it.o(.ARM.exidx.text.MemManage_Handler) refers to stm32h7xx_it.o(.text.MemManage_Handler) for [Anonymous Symbol]
    stm32h7xx_it.o(.ARM.exidx.text.BusFault_Handler) refers to stm32h7xx_it.o(.text.BusFault_Handler) for [Anonymous Symbol]
    stm32h7xx_it.o(.ARM.exidx.text.UsageFault_Handler) refers to stm32h7xx_it.o(.text.UsageFault_Handler) for [Anonymous Symbol]
    stm32h7xx_it.o(.ARM.exidx.text.SVC_Handler) refers to stm32h7xx_it.o(.text.SVC_Handler) for [Anonymous Symbol]
    stm32h7xx_it.o(.ARM.exidx.text.DebugMon_Handler) refers to stm32h7xx_it.o(.text.DebugMon_Handler) for [Anonymous Symbol]
    stm32h7xx_it.o(.ARM.exidx.text.PendSV_Handler) refers to stm32h7xx_it.o(.text.PendSV_Handler) for [Anonymous Symbol]
    bsp_key.o(.text.bsp_InitKey) refers to bsp_key.o(.text.bsp_InitKeyVar) for bsp_InitKeyVar
[...]
    __rt_lib_init_fp_1                       0x080003cb   Thumb Code     0  libinit2.o(.ARM.Collect$$libinit$$00000001)
    __rt_lib_init_heap_2                     0x080003cf   Thumb Code     0  libinit2.o(.ARM.Collect$$libinit$$00000007)
    __rt_lib_init_preinit_1                  0x080003cf   Thumb Code     0  libinit2.o(.ARM.Collect$$libinit$$00000006)
    __rt_lib_init_relocate_pie_1             0x080003cf   Thumb Code     0  libinit2.o(.ARM.Collect$$libinit$$00000004)
    __rt_lib_init_heap_1                     0x080003d7   Thumb Code     0  libinit2.o(.ARM.Collect$$libinit$$0000000C)
    __rt_lib_init_lc_common                  0x080003d7   Thumb Code     0  libinit2.o(.ARM.Collect$$libinit$$00000011)
    __rt_lib_init_rand_1                     0x080003d7   Thumb Code     0  libinit2.o(.ARM.Collect$$libinit$$00000010)
    __rt_lib_init_user_alloc_1               0x080003d7   Thumb Code     0  libinit2.o(.ARM.Collect$$libinit$$0000000E)
    __rt_lib_init_lc_collate_1               0x080003dd   Thumb Code     0  libinit2.o(.ARM.Collect$$libinit$$00000013)
    __rt_lib_init_lc_ctype_2                 0x080003dd   Thumb Code     0  libinit2.o(.ARM.Collect$$libinit$$00000014)
    __rt_lib_init_lc_ctype_1                 0x080003e9   Thumb Code     0  libinit2.o(.ARM.Collect$$libinit$$00000015)
    __rt_lib_init_lc_monetary_1              0x080003e9   Thumb Code     0  libinit2.o(.ARM.Collect$$libinit$$00000017)
    __rt_lib_init_lc_numeric_2               0x080003e9   Thumb Code     0  libinit2.o(.ARM.Collect$$libinit$$00000018)
    __rt_lib_init_atexit_1                   0x080003f3   Thumb Code     0  libinit2.o(.ARM.Collect$$libinit$$0000001D)
    __rt_lib_init_clock_1                    0x080003f3   Thumb Code     0  libinit2.o(.ARM.Collect$$libinit$$00000023)
    __rt_lib_init_fp_trap_1                  0x080003f3   Thumb Code     0  libinit2.o(.ARM.Collect$$libinit$$00000021)
    __rt_lib_init_getenv_1                   0x080003f3   Thumb Code     0  libinit2.o(.ARM.Collect$$libinit$$00000025)
    __rt_lib_init_lc_numeric_1               0x080003f3   Thumb Code     0  libinit2.o(.ARM.Collect$$libinit$$00000019)
    __rt_lib_init_lc_time_1                  0x080003f3   Thumb Code     0  libinit2.o(.ARM.Collect$$libinit$$0000001B)
    __rt_lib_init_signal_1                   0x080003f3   Thumb Code     0  libinit2.o(.ARM.Collect$$libinit$$0000001F)
    __rt_lib_init_stdio_2                    0x080003f3   Thumb Code     0  libinit2.o(.ARM.Collect$$libinit$$00000026)
    __rt_lib_init_alloca_1                   0x080003f7   Thumb Code     0  libinit2.o(.ARM.Collect$$libinit$$00000030)
    __rt_lib_init_argv_1                     0x080003f7   Thumb Code     0  libinit2.o(.ARM.Collect$$libinit$$0000002E)
    __rt_lib_init_cpp_1                      0x080003f7   Thumb Code     0  libinit2.o(.ARM.Collect$$libinit$$00000034)
    __rt_lib_init_exceptions_1               0x080003f7   Thumb Code     0  libinit2.o(.ARM.Collect$$libinit$$00000032)
    __rt_lib_init_return                     0x080003f7   Thumb Code     0  libinit2.o(.ARM.Collect$$libinit$$00000035)
    __rt_lib_init_stdio_1                    0x080003f7   Thumb Code     0  libinit2.o(.ARM.Collect$$libinit$$00000027)
    __rt_lib_shutdown                        0x080003f9   Thumb Code     0  libshutdown.o(.ARM.Collect$$libshutdown$$00000000)
    __rt_lib_shutdown_cpp_1                  0x080003fb   Thumb Code     0  libshutdown2.o(.ARM.Collect$$libshutdown$$00000002)
    __rt_lib_shutdown_stdio_2                0x080003fb   Thumb Code     0  libshutdown2.o(.ARM.Collect$$libshutdown$$00000003)
    __rt_lib_shutdown_fp_trap_1              0x080003ff   Thumb Code     0  libshutdown2.o(.ARM.Collect$$libshutdown$$00000007)
    __rt_lib_shutdown_heap_1                 0x080003ff   Thumb Code     0  libshutdown2.o(.ARM.Collect$$libshutdown$$0000000F)
    __rt_lib_shutdown_return                 0x080003ff   Thumb Code     0  libshutdown2.o(.ARM.Collect$$libshutdown$$00000010)
    __rt_lib_shutdown_signal_1               0x080003ff   Thumb Code     0  libshutdown2.o(.ARM.Collect$$libshutdown$$0000000A)
    __rt_lib_shutdown_stdio_1                0x080003ff   Thumb Code     0  libshutdown2.o(.ARM.Collect$$libshutdown$$00000004)
    __rt_lib_shutdown_user_alloc_1           0x080003ff   Thumb Code     0  libshutdown2.o(.ARM.Collect$$libshutdown$$0000000C)
    __rt_entry                               0x08000401   Thumb Code     0  __rtentry.o(.ARM.Collect$$rtentry$$00000000)
    __rt_entry_presh_1                       0x08000401   Thumb Code     0  __rtentry2.o(.ARM.Collect$$rtentry$$00000002)
    __rt_entry_sh                            0x08000401   Thumb Code     0  __rtentry4.o(.ARM.Collect$$rtentry$$00000004)
    __rt_entry_li                            0x08000407   Thumb Code     0  __rtentry2.o(.ARM.Collect$$rtentry$$0000000A)
    __rt_entry_postsh_1                      0x08000407   Thumb Code     0  __rtentry2.o(.ARM.Collect$$rtentry$$00000009)
    __rt_entry_main                          0x0800040b   Thumb Code     0  __rtentry2.o(.ARM.Collect$$rtentry$$0000000D)
    __rt_entry_postli_1                      0x0800040b   Thumb Code     0  __rtentry2.o(.ARM.Collect$$rtentry$$0000000C)
    __rt_exit                                0x08000413   Thumb Code     0  rtexit.o(.ARM.Collect$$rtexit$$00000000)
    __rt_exit_ls                             0x08000415   Thumb Code     0  rtexit2.o(.ARM.Collect$$rtexit$$00000003)
    __rt_exit_prels_1                        0x08000415   Thumb Code     0  rtexit2.o(.ARM.Collect$$rtexit$$00000002)
    __rt_exit_exit                           0x08000419   Thumb Code     0  rtexit2.o(.ARM.Collect$$rtexit$$00000004)
    Reset_Handler                            0x08000421   Thumb Code     8  startup_stm32h750xx.o(.text)
    ADC3_IRQHandler                          0x0800043b   Thumb Code     0  startup_stm32h750xx.o(.text)
    ADC_IRQHandler                           0x0800043b   Thumb Code     0  startup_stm32h750xx.o(.text)
    BDMA_Channel0_IRQHandler                 0x0800043b   Thumb Code     0  startup_stm32h750xx.o(.text)
    BDMA_Channel1_IRQHandler                 0x0800043b   Thumb Code     0  startup_stm32h750xx.o(.text)
    BDMA_Channel2_IRQHandler                 0x0800043b   Thumb Code     0  startup_stm32h750xx.o(.text)
    BDMA_Channel3_IRQHandler                 0x0800043b   Thumb Code     0  startup_stm32h750xx.o(.text)
    BDMA_Channel4_IRQHandler                 0x0800043b   Thumb Code     0  startup_stm32h750xx.o(.text)
    BDMA_Channel5_IRQHandler                 0x0800043b   Thumb Code     0  startup_stm32h750xx.o(.text)
    BDMA_Channel6_IRQHandler                 0x0800043b   Thumb Code     0  startup_stm32h750xx.o(.text)
    BDMA_Channel7_IRQHandler                 0x0800043b   Thumb Code     0  startup_stm32h750xx.o(.text)
    CEC_IRQHandler                           0x0800043b   Thumb Code     0  startup_stm32h750xx.o(.text)
    COMP1_IRQHandler                         0x0800043b   Thumb Code     0  startup_stm32h750xx.o(.text)
    CRS_IRQHandler                           0x0800043b   Thumb Code     0  startup_stm32h750xx.o(.text)
    CRYP_IRQHandler                          0x0800043b   Thumb Code     0  startup_stm32h750xx.o(.text)
    DCMI_IRQHandler                          0x0800043b   Thumb Code     0  startup_stm32h750xx.o(.text)
    DFSDM1_FLT0_IRQHandler                   0x0800043b   Thumb Code     0  startup_stm32h750xx.o(.text)
    DFSDM1_FLT1_IRQHandler                   0x0800043b   Thumb Code     0  startup_stm32h750xx.o(.text)
    DFSDM1_FLT2_IRQHandler                   0x0800043b   Thumb Code     0  startup_stm32h750xx.o(.text)
    DFSDM1_FLT3_IRQHandler                   0x0800043b   Thumb Code     0  startup_stm32h750xx.o(.text)
    DMA1_Stream0_IRQHandler                  0x0800043b   Thumb Code     0  startup_stm32h750xx.o(.text)
    DMA1_Stream1_IRQHandler                  0x0800043b   Thumb Code     0  startup_stm32h750xx.o(.text)
    DMA1_Stream2_IRQHandler                  0x0800043b   Thumb Code     0  startup_stm32h750xx.o(.text)
    DMA1_Stream3_IRQHandler                  0x0800043b   Thumb Code     0  startup_stm32h750xx.o(.text)
    DMA1_Stream4_IRQHandler                  0x0800043b   Thumb Code     0  startup_stm32h750xx.o(.text)
    DMA1_Stream5_IRQHandler                  0x0800043b   Thumb Code     0  startup_stm32h750xx.o(.text)
    DMA1_Stream6_IRQHandler                  0x0800043b   Thumb Code     0  startup_stm32h750xx.o(.text)
    DMA1_Stream7_IRQHandler                  0x0800043b   Thumb Code     0  startup_stm32h750xx.o(.text)
    DMA2D_IRQHandler                         0x0800043b   Thumb Code     0  startup_stm32h750xx.o(.text)
    DMA2_Stream0_IRQHandler                  0x0800043b   Thumb Code     0  startup_stm32h750xx.o(.text)
    DMA2_Stream1_IRQHandler                  0x0800043b   Thumb Code     0  startup_stm32h750xx.o(.text)
    DMA2_Stream2_IRQHandler                  0x0800043b   Thumb Code     0  startup_stm32h750xx.o(.text)
    DMA2_Stream3_IRQHandler                  0x0800043b   Thumb Code     0  startup_stm32h750xx.o(.text)
    DMA2_Stream4_IRQHandler                  0x0800043b   Thumb Code     0  startup_stm32h750xx.o(.text)
    DMA2_Stream5_IRQHandler                  0x0800043b   Thumb Code     0  startup_stm32h750xx.o(.text)
    DMA2_Stream6_IRQHandler                  0x0800043b   Thumb Code     0  startup_stm32h750xx.o(.text)
    DMA2_Stream7_IRQHandler                  0x0800043b   Thumb Code     0  startup_stm32h750xx.o(.text)
    DMAMUX1_OVR_IRQHandler                   0x0800043b   Thumb Code     0  startup_stm32h750xx.o(.text)
    DMAMUX2_OVR_IRQHandler                   0x0800043b   Thumb Code     0  startup_stm32h750xx.o(.text)
    ECC_IRQHandler                           0x0800043b   Thumb Code     0  startup_stm32h750xx.o(.text)
    ETH_IRQHandler                           0x0800043b   Thumb Code     0  startup_stm32h750xx.o(.text)
    ETH_WKUP_IRQHandler                      0x0800043b   Thumb Code     0  startup_stm32h750xx.o(.text)
    EXTI0_IRQHandler                         0x0800043b   Thumb Code     0  startup_stm32h750xx.o(.text)
    EXTI15_10_IRQHandler                     0x0800043b   Thumb Code     0  startup_stm32h750xx.o(.text)
    EXTI1_IRQHandler                         0x0800043b   Thumb Code     0  startup_stm32h750xx.o(.text)
    EXTI2_IRQHandler                         0x0800043b   Thumb Code     0  startup_stm32h750xx.o(.text)
    EXTI3_IRQHandler                         0x0800043b   Thumb Code     0  startup_stm32h750xx.o(.text)
    EXTI4_IRQHandler                         0x0800043b   Thumb Code     0  startup_stm32h750xx.o(.text)
    EXTI9_5_IRQHandler                       0x0800043b   Thumb Code     0  startup_stm32h750xx.o(.text)
    FDCAN1_IT0_IRQHandler                    0x0800043b   Thumb Code     0  startup_stm32h750xx.o(.text)
    FDCAN1_IT1_IRQHandler                    0x0800043b   Thumb Code     0  startup_stm32h750xx.o(.text)
    FDCAN2_IT0_IRQHandler                    0x0800043b   Thumb Code     0  startup_stm32h750xx.o(.text)
    FDCAN2_IT1_IRQHandler                    0x0800043b   Thumb Code     0  startup_stm32h750xx.o(.text)
    FDCAN_CAL_IRQHandler                     0x0800043b   Thumb Code     0  startup_stm32h750xx.o(.text)
    FLASH_IRQHandler                         0x0800043b   Thumb Code     0  startup_stm32h750xx.o(.text)
    FMC_IRQHandler                           0x0800043b   Thumb Code     0  startup_stm32h750xx.o(.text)
    FPU_IRQHandler                           0x0800043b   Thumb Code     0  startup_stm32h750xx.o(.text)
    HASH_RNG_IRQHandler                      0x0800043b   Thumb Code     0  startup_stm32h750xx.o(.text)
    HRTIM1_FLT_IRQHandler                    0x0800043b   Thumb Code     0  startup_stm32h750xx.o(.text)
    HRTIM1_Master_IRQHandler                 0x0800043b   Thumb Code     0  startup_stm32h750xx.o(.text)
    HRTIM1_TIMA_IRQHandler                   0x0800043b   Thumb Code     0  startup_stm32h750xx.o(.text)
    HRTIM1_TIMB_IRQHandler                   0x0800043b   Thumb Code     0  startup_stm32h750xx.o(.text)
    HRTIM1_TIMC_IRQHandler                   0x0800043b   Thumb Code     0  startup_stm32h750xx.o(.text)
    HRTIM1_TIMD_IRQHandler                   0x0800043b   Thumb Code     0  startup_stm32h750xx.o(.text)
    HRTIM1_TIME_IRQHandler                   0x0800043b   Thumb Code     0  startup_stm32h750xx.o(.text)
    HSEM1_IRQHandler                         0x0800043b   Thumb Code     0  startup_stm32h750xx.o(.text)
    I2C1_ER_IRQHandler                       0x0800043b   Thumb Code     0  startup_stm32h750xx.o(.text)
    I2C1_EV_IRQHandler                       0x0800043b   Thumb Code     0  startup_stm32h750xx.o(.text)
    I2C2_ER_IRQHandler                       0x0800043b   Thumb Code     0  startup_stm32h750xx.o(.text)
    I2C2_EV_IRQHandler                       0x0800043b   Thumb Code     0  startup_stm32h750xx.o(.text)
    I2C3_ER_IRQHandler                       0x0800043b   Thumb Code     0  startup_stm32h750xx.o(.text)
    I2C3_EV_IRQHandler                       0x0800043b   Thumb Code     0  startup_stm32h750xx.o(.text)
    I2C4_ER_IRQHandler                       0x0800043b   Thumb Code     0  startup_stm32h750xx.o(.text)
    I2C4_EV_IRQHandler                       0x0800043b   Thumb Code     0  startup_stm32h750xx.o(.text)
    JPEG_IRQHandler                          0x0800043b   Thumb Code     0  startup_stm32h750xx.o(.text)
    LPTIM1_IRQHandler                        0x0800043b   Thumb Code     0  startup_stm32h750xx.o(.text)
    LPTIM2_IRQHandler                        0x0800043b   Thumb Code     0  startup_stm32h750xx.o(.text)
    LPTIM3_IRQHandler                        0x0800043b   Thumb Code     0  startup_stm32h750xx.o(.text)
    LPTIM4_IRQHandler                        0x0800043b   Thumb Code     0  startup_stm32h750xx.o(.text)
    LPTIM5_IRQHandler                        0x0800043b   Thumb Code     0  startup_stm32h750xx.o(.text)
    LPUART1_IRQHandler                       0x0800043b   Thumb Code     0  startup_stm32h750xx.o(.text)
    LTDC_ER_IRQHandler                       0x0800043b   Thumb Code     0  startup_stm32h750xx.o(.text)
    LTDC_IRQHandler                          0x0800043b   Thumb Code     0  startup_stm32h750xx.o(.text)
    MDIOS_IRQHandler                         0x0800043b   Thumb Code     0  startup_stm32h750xx.o(.text)
    MDIOS_WKUP_IRQHandler                    0x0800043b   Thumb Code     0  startup_stm32h750xx.o(.text)
    MDMA_IRQHandler                          0x0800043b   Thumb Code     0  startup_stm32h750xx.o(.text)
    OTG_FS_EP1_IN_IRQHandler                 0x0800043b   Thumb Code     0  startup_stm32h750xx.o(.text)
    OTG_FS_EP1_OUT_IRQHandler                0x0800043b   Thumb Code     0  startup_stm32h750xx.o(.text)
    OTG_FS_IRQHandler                        0x0800043b   Thumb Code     0  startup_stm32h750xx.o(.text)
    OTG_FS_WKUP_IRQHandler                   0x0800043b   Thumb Code     0  startup_stm32h750xx.o(.text)
    OTG_HS_EP1_IN_IRQHandler                 0x0800043b   Thumb Code     0  startup_stm32h750xx.o(.text)
    OTG_HS_EP1_OUT_IRQHandler                0x0800043b   Thumb Code     0  startup_stm32h750xx.o(.text)
    OTG_HS_IRQHandler                        0x0800043b   Thumb Code     0  startup_stm32h750xx.o(.text)
    OTG_HS_WKUP_IRQHandler                   0x0800043b   Thumb Code     0  startup_stm32h750xx.o(.text)
    PVD_AVD_IRQHandler                       0x0800043b   Thumb Code     0  startup_stm32h750xx.o(.text)
    QUADSPI_IRQHandler                       0x0800043b   Thumb Code     0  startup_stm32h750xx.o(.text)
    RCC_IRQHandler                           0x0800043b   Thumb Code     0  startup_stm32h750xx.o(.text)
    RTC_Alarm_IRQHandler                     0x0800043b   Thumb Code     0  startup_stm32h750xx.o(.text)
    RTC_WKUP_IRQHandler                      0x0800043b   Thumb Code     0  startup_stm32h750xx.o(.text)
    SAI1_IRQHandler                          0x0800043b   Thumb Code     0  startup_stm32h750xx.o(.text)
    SAI2_IRQHandler                          0x0800043b   Thumb Code     0  startup_stm32h750xx.o(.text)
    SAI3_IRQHandler                          0x0800043b   Thumb Code     0  startup_stm32h750xx.o(.text)
    SAI4_IRQHandler                          0x0800043b   Thumb Code     0  startup_stm32h750xx.o(.text)
    SDMMC1_IRQHandler                        0x0800043b   Thumb Code     0  startup_stm32h750xx.o(.text)
    SDMMC2_IRQHandler                        0x0800043b   Thumb Code     0  startup_stm32h750xx.o(.text)
    SPDIF_RX_IRQHandler                      0x0800043b   Thumb Code     0  startup_stm32h750xx.o(.text)
    SPI1_IRQHandler                          0x0800043b   Thumb Code     0  startup_stm32h750xx.o(.text)
    SPI2_IRQHandler                          0x0800043b   Thumb Code     0  startup_stm32h750xx.o(.text)
    SPI3_IRQHandler                          0x0800043b   Thumb Code     0  startup_stm32h750xx.o(.text)
    SPI4_IRQHandler                          0x0800043b   Thumb Code     0  startup_stm32h750xx.o(.text)
    SPI5_IRQHandler                          0x0800043b   Thumb Code     0  startup_stm32h750xx.o(.text)
    SPI6_IRQHandler                          0x0800043b   Thumb Code     0  startup_stm32h750xx.o(.text)
    SWPMI1_IRQHandler                        0x0800043b   Thumb Code     0  startup_stm32h750xx.o(.text)
    TAMP_STAMP_IRQHandler                    0x0800043b   Thumb Code     0  startup_stm32h750xx.o(.text)
    TIM15_IRQHandler                         0x0800043b   Thumb Code     0  startup_stm32h750xx.o(.text)
    TIM16_IRQHandler                         0x0800043b   Thumb Code     0  startup_stm32h750xx.o(.text)
    TIM17_IRQHandler                         0x0800043b   Thumb Code     0  startup_stm32h750xx.o(.text)
    TIM1_BRK_IRQHandler                      0x0800043b   Thumb Code     0  startup_stm32h750xx.o(.text)
    TIM1_CC_IRQHandler                       0x0800043b   Thumb Code     0  startup_stm32h750xx.o(.text)
    TIM1_TRG_COM_IRQHandler                  0x0800043b   Thumb Code     0  startup_stm32h750xx.o(.text)
    TIM1_UP_IRQHandler                       0x0800043b   Thumb Code     0  startup_stm32h750xx.o(.text)
    TIM3_IRQHandler                          0x0800043b   Thumb Code     0  startup_stm32h750xx.o(.text)
    TIM4_IRQHandler                          0x0800043b   Thumb Code     0  startup_stm32h750xx.o(.text)
    TIM5_IRQHandler                          0x0800043b   Thumb Code     0  startup_stm32h750xx.o(.text)
    TIM6_DAC_IRQHandler                      0x0800043b   Thumb Code     0  startup_stm32h750xx.o(.text)
    TIM7_IRQHandler                          0x0800043b   Thumb Code     0  startup_stm32h750xx.o(.text)
    TIM8_BRK_TIM12_IRQHandler                0x0800043b   Thumb Code     0  startup_stm32h750xx.o(.text)
    TIM8_CC_IRQHandler                       0x0800043b   Thumb Code     0  startup_stm32h750xx.o(.text)
    TIM8_TRG_COM_TIM14_IRQHandler            0x0800043b   Thumb Code     0  startup_stm32h750xx.o(.text)
    TIM8_UP_TIM13_IRQHandler                 0x0800043b   Thumb Code     0  startup_stm32h750xx.o(.text)
    UART4_IRQHandler                         0x0800043b   Thumb Code     0  startup_stm32h750xx.o(.text)
    UART5_IRQHandler                         0x0800043b   Thumb Code     0  startup_stm32h750xx.o(.text)
    UART7_IRQHandler                         0x0800043b   Thumb Code     0  startup_stm32h750xx.o(.text)
    UART8_IRQHandler                         0x0800043b   Thumb Code     0  startup_stm32h750xx.o(.text)
    USART2_IRQHandler                        0x0800043b   Thumb Code     0  startup_stm32h750xx.o(.text)
    USART3_IRQHandler                        0x0800043b   Thumb Code     0  startup_stm32h750xx.o(.text)
    USART6_IRQHandler                        0x0800043b   Thumb Code     0  startup_stm32h750xx.o(.text)
    WAKEUP_PIN_IRQHandler                    0x0800043b   Thumb Code     0  startup_stm32h750xx.o(.text)
    WWDG_IRQHandler                          0x0800043b   Thumb Code     0  startup_stm32h750xx.o(.text)
    __user_initial_stackheap                 0x0800043d   Thumb Code     0  startup_stm32h750xx.o(.text)
    __aeabi_uldivmod                         0x08000461   Thumb Code     0  lludivv7m.o(.text)
    _ll_udiv                                 0x08000461   Thumb Code   240  lludivv7m.o(.text)
    printf                                   0x08000551   Thumb Code    20  printf.o(.text)
    __aeabi_memclr4                          0x08000569   Thumb Code     0  rt_memclr_w.o(.text)
    __aeabi_memclr8                          0x08000569   Thumb Code     0  rt_memclr_w.o(.text)
    __rt_memclr_w                            0x08000569   Thumb Code     0  rt_memclr_w.o(.text)
    _memset_w                                0x0800056d   Thumb Code    74  rt_memclr_w.o(.text)
    __use_two_region_memory                  0x080005b7   Thumb Code     2  heapauxi.o(.text)
    __rt_heap_escrow                         0x080005b9   Thumb Code     2  heapauxi.o(.text)
    __rt_heap_expand                         0x080005bb   Thumb Code     2  heapauxi.o(.text)
    _printf_pre_padding                      0x080005bd   Thumb Code    44  _printf_pad.o(.text)
    _printf_post_padding                     0x080005e9   Thumb Code    34  _printf_pad.o(.text)
    _printf_truncate_signed                  0x0800060b   Thumb Code    18  _printf_truncate.o(.text)
    _printf_truncate_unsigned                0x0800061d   Thumb Code    18  _printf_truncate.o(.text)
    _printf_str                              0x0800062f   Thumb Code    82  _printf_str.o(.text)
    _printf_int_dec                          0x08000681   Thumb Code   104  _printf_dec.o(.text)
    _printf_charcount                        0x080006f9   Thumb Code    40  _printf_charcount.o(.text)
    _printf_char_file                        0x08000721   Thumb Code    32  _printf_char_file.o(.text)
    _printf_wctomb                           0x08000745   Thumb Code   182  _printf_wctomb.o(.text)
    _printf_longlong_dec                     0x08000801   Thumb Code   108  _printf_longlong_dec.o(.text)
    _printf_longlong_oct                     0x0800087d   Thumb Code    68  _printf_oct_int_ll.o(.text)
    _printf_int_oct                          0x080008c1   Thumb Code    24  _printf_oct_int_ll.o(.text)
    _printf_ll_oct                           0x080008d9   Thumb Code    12  _printf_oct_int_ll.o(.text)
    _printf_longlong_hex                     0x080008ed   Thumb Code    86  _printf_hex_int_ll_ptr.o(.text)
    _printf_int_hex                          0x08000943   Thumb Code    28  _printf_hex_int_ll_ptr.o(.text)
    _printf_ll_hex                           0x0800095f   Thumb Code    12  _printf_hex_int_ll_ptr.o(.text)
    _printf_hex_ptr                          0x0800096b   Thumb Code    18  _printf_hex_int_ll_ptr.o(.text)
    __printf                                 0x08000981   Thumb Code   388  __printf_flags_ss_wp.o(.text)
    _ll_udiv10                               0x08000b09   Thumb Code   138  lludiv10.o(.text)
    _printf_int_common                       0x08000b93   Thumb Code   178  _printf_intcommon.o(.text)
    _printf_fp_dec_real                      0x08000df5   Thumb Code   620  _printf_fp_dec.o(.text)
    _printf_fp_hex_real                      0x08001061   Thumb Code   756  _printf_fp_hex.o(.text)
    _printf_char_common                      0x08001367   Thumb Code    32  _printf_char_common.o(.text)
    _printf_cs_common                        0x0800138d   Thumb Code    20  _printf_char.o(.text)
    _printf_char                             0x080013a1   Thumb Code    16  _printf_char.o(.text)
    _printf_string                           0x080013b1   Thumb Code     8  _printf_char.o(.text)
    _printf_lcs_common                       0x080013b9   Thumb Code    20  _printf_wchar.o(.text)
    _printf_wchar                            0x080013cd   Thumb Code    16  _printf_wchar.o(.text)
    _printf_wstring                          0x080013dd   Thumb Code     8  _printf_wchar.o(.text)
    ferror                                   0x080013e5   Thumb Code     8  ferror.o(.text)
    _initio                                  0x080013ed   Thumb Code   210  initio.o(.text)
    _terminateio                             0x080014bf   Thumb Code    56  initio.o(.text)
    _c16rtomb                                0x08001525   Thumb Code    72  _c16rtomb.o(.text)
    _wcrtomb                                 0x08001525   Thumb Code     0  _c16rtomb.o(.text)
    __user_setup_stackheap                   0x0800156d   Thumb Code    74  sys_stackheap_outer.o(.text)
    __rt_ctype_table                         0x080015b9   Thumb Code    16  rt_ctype_table.o(.text)
    __rt_locale                              0x080015c9   Thumb Code     8  rt_locale_intlibspace.o(.text)
    free                                     0x080015d1   Thumb Code    78  h1_free.o(.text)
    _printf_fp_infnan                        0x08001621   Thumb Code   112  _printf_fp_infnan.o(.text)
    _btod_etento                             0x080016a1   Thumb Code   224  bigflt0.o(.text)
    setvbuf                                  0x08001785   Thumb Code    70  setvbuf.o(.text)
    freopen                                  0x080017cd   Thumb Code   160  fopen.o(.text)
    fopen                                    0x0800186d   Thumb Code    74  fopen.o(.text)
    _fclose_internal                         0x080018bd   Thumb Code    76  fclose.o(.text)
    fclose                                   0x080018bd   Thumb Code     0  fclose.o(.text)
    exit                                     0x08001909   Thumb Code    18  exit.o(.text)
    __rt_SIGRTRED                            0x0800191b   Thumb Code    14  defsig_rtred_outer.o(.text)
    _sys_open                                0x08001929   Thumb Code    20  sys_io.o(.text)
    _sys_close                               0x0800193d   Thumb Code    12  sys_io.o(.text)
    _sys_write                               0x08001949   Thumb Code    16  sys_io.o(.text)
    _sys_read                                0x08001959   Thumb Code    14  sys_io.o(.text)
    _sys_istty                               0x08001967   Thumb Code    12  sys_io.o(.text)
    _sys_seek                                0x08001973   Thumb Code    14  sys_io.o(.text)
    _sys_ensure                              0x08001981   Thumb Code     2  sys_io.o(.text)
    _sys_flen                                0x08001983   Thumb Code    12  sys_io.o(.text)
    __user_libspace                          0x08001991   Thumb Code     8  libspace.o(.text)
    __user_perproc_libspace                  0x08001991   Thumb Code     0  libspace.o(.text)
    __user_perthread_libspace                0x08001991   Thumb Code     0  libspace.o(.text)
    __rt_heap_descriptor                     0x08001999   Thumb Code     8  rt_heap_descriptor_intlibspace.o(.text)
    __use_no_heap                            0x080019a1   Thumb Code     2  hguard.o(.text)
    __heap$guard                             0x080019a3   Thumb Code     2  hguard.o(.text)
    _terminate_user_alloc                    0x080019a5   Thumb Code     2  init_alloc.o(.text)
    _init_user_alloc                         0x080019a7   Thumb Code     2  init_alloc.o(.text)
    __Heap_Full                              0x080019a9   Thumb Code    34  init_alloc.o(.text)
    __Heap_Broken                            0x080019cb   Thumb Code     6  init_alloc.o(.text)
    _init_alloc                              0x080019d1   Thumb Code    94  init_alloc.o(.text)
    malloc                                   0x08001a2f   Thumb Code    94  h1_alloc.o(.text)
    _fseek                                   0x08001a8d   Thumb Code   242  fseek.o(.text)
    fseek                                    0x08001a8d   Thumb Code     0  fseek.o(.text)
    _seterr                                  0x08001b85   Thumb Code    20  stdio.o(.text)
    _writebuf                                0x08001b99   Thumb Code   108  stdio.o(.text)
    _fflush                                  0x08001c05   Thumb Code    70  stdio.o(.text)
    _deferredlazyseek                        0x08001c4b   Thumb Code    60  stdio.o(.text)
    __sig_exit                               0x08001c8d   Thumb Code    10  defsig_exit.o(.text)
    __rt_SIGRTRED_inner                      0x08001c99   Thumb Code    14  defsig_rtred_inner.o(.text)
    strcmp                                   0x08001cd1   Thumb Code   124  strcmpv7m_pel.o(.text)
    _sys_exit                                0x08001d4d   Thumb Code     8  sys_exit.o(.text)
    __I$use$semihosting                      0x08001d59   Thumb Code     0  use_no_semi.o(.text)
    __use_no_semihosting_swi                 0x08001d59   Thumb Code     2  use_no_semi.o(.text)
    __Heap_Initialize                        0x08001d5b   Thumb Code     8  h1_init.o(.text)
    __semihosting_library_function           0x08001d5b   Thumb Code     0  indicate_semi.o(.text)
    _maybe_terminate_alloc                   0x08001d5b   Thumb Code     0  maybetermalloc1.o(.text)
    __Heap_DescSize                          0x08001d63   Thumb Code     4  h1_init.o(.text)
    __Heap_ProvideMemory                     0x08001d67   Thumb Code    52  h1_extend.o(.text)
    _ftell_internal                          0x08001d9b   Thumb Code    66  ftell.o(.text)
    ftell                                    0x08001d9b   Thumb Code     0  ftell.o(.text)
    __default_signal_display                 0x08001ddd   Thumb Code    50  defsig_general.o(.text)
    __rt_SIGRTMEM                            0x08001e0f   Thumb Code    14  defsig_rtmem_outer.o(.text)
    strlen                                   0x08001e1d   Thumb Code    62  strlen.o(.text)
    _ttywrch                                 0x08001e5b   Thumb Code    14  sys_wrch.o(.text)
    __aeabi_errno_addr                       0x08001e69   Thumb Code     8  rt_errno_addr_intlibspace.o(.text)
    __errno$intlibspace                      0x08001e69   Thumb Code     0  rt_errno_addr_intlibspace.o(.text)
    __rt_errno_addr$intlibspace              0x08001e69   Thumb Code     0  rt_errno_addr_intlibspace.o(.text)
    __rt_SIGRTMEM_inner                      0x08001e71   Thumb Code    22  defsig_rtmem_inner.o(.text)
    BusFault_Handler                         0x08001ec1   Thumb Code     4  stm32h7xx_it.o(.text.BusFault_Handler)
    DebugMon_Handler                         0x08001fa9   Thumb Code     2  stm32h7xx_it.o(.text.DebugMon_Handler)
    Error_Handler                            0x08001fb1   Thumb Code    20  bsp.o(.text.Error_Handler)
    HAL_EnableCompensationCell               0x08001fc9   Thumb Code    18  stm32h7xx_hal.o(.text.HAL_EnableCompensationCell)
    HAL_GPIO_Init                            0x08001fe1   Thumb Code   964  stm32h7xx_hal_gpio.o(.text.HAL_GPIO_Init)
    HAL_GPIO_TogglePin                       0x080023a9   Thumb Code    38  stm32h7xx_hal_gpio.o(.text.HAL_GPIO_TogglePin)
    HAL_GPIO_WritePin                        0x080023d1   Thumb Code    46  stm32h7xx_hal_gpio.o(.text.HAL_GPIO_WritePin)
    HAL_GetREVID                             0x08002401   Thumb Code    14  stm32h7xx_hal.o(.text.HAL_GetREVID)
    HAL_GetTick                              0x08002411   Thumb Code    12  stm32h7xx_hal.o(.text.HAL_GetTick)
    HAL_IncTick                              0x08002421   Thumb Code    26  stm32h7xx_hal.o(.text.HAL_IncTick)
    HAL_Init                                 0x08002441   Thumb Code   122  stm32h7xx_hal.o(.text.HAL_Init)
    HAL_InitTick                             0x080024c1   Thumb Code   134  stm32h7xx_hal.o(.text.HAL_InitTick)
    HAL_MPU_ConfigRegion                     0x08002549   Thumb Code   128  stm32h7xx_hal_cortex.o(.text.HAL_MPU_ConfigRegion)
    HAL_MPU_Disable                          0x080025c9   Thumb Code    34  stm32h7xx_hal_cortex.o(.text.HAL_MPU_Disable)
    HAL_MPU_Enable                           0x080025f1   Thumb Code    48  stm32h7xx_hal_cortex.o(.text.HAL_MPU_Enable)
    HAL_MspInit                              0x08002621   Thumb Code     2  stm32h7xx_hal.o(.text.HAL_MspInit)
    HAL_NVIC_EnableIRQ                       0x08002629   Thumb Code    20  stm32h7xx_hal_cortex.o(.text.HAL_NVIC_EnableIRQ)
    HAL_NVIC_SetPriority                     0x08002641   Thumb Code    46  stm32h7xx_hal_cortex.o(.text.HAL_NVIC_SetPriority)
    HAL_NVIC_SetPriorityGrouping             0x08002671   Thumb Code    16  stm32h7xx_hal_cortex.o(.text.HAL_NVIC_SetPriorityGrouping)
    HAL_RCCEx_GetD3PCLK1Freq                 0x08002681   Thumb Code    38  stm32h7xx_hal_rcc_ex.o(.text.HAL_RCCEx_GetD3PCLK1Freq)
    HAL_RCCEx_GetPLL2ClockFreq               0x080026a9   Thumb Code   668  stm32h7xx_hal_rcc_ex.o(.text.HAL_RCCEx_GetPLL2ClockFreq)
    HAL_RCCEx_GetPLL3ClockFreq               0x08002959   Thumb Code   668  stm32h7xx_hal_rcc_ex.o(.text.HAL_RCCEx_GetPLL3ClockFreq)
    HAL_RCCEx_PeriphCLKConfig                0x08002c09   Thumb Code  4256  stm32h7xx_hal_rcc_ex.o(.text.HAL_RCCEx_PeriphCLKConfig)
    HAL_RCC_ClockConfig                      0x08003ca9   Thumb Code  1176  stm32h7xx_hal_rcc.o(.text.HAL_RCC_ClockConfig)
    HAL_RCC_GetHCLKFreq                      0x08004141   Thumb Code    86  stm32h7xx_hal_rcc.o(.text.HAL_RCC_GetHCLKFreq)
    HAL_RCC_GetPCLK1Freq                     0x08004199   Thumb Code    38  stm32h7xx_hal_rcc.o(.text.HAL_RCC_GetPCLK1Freq)
    HAL_RCC_GetPCLK2Freq                     0x080041c1   Thumb Code    38  stm32h7xx_hal_rcc.o(.text.HAL_RCC_GetPCLK2Freq)
    HAL_RCC_GetSysClockFreq                  0x080041e9   Thumb Code   768  stm32h7xx_hal_rcc.o(.text.HAL_RCC_GetSysClockFreq)
    HAL_RCC_OscConfig                        0x080044f9   Thumb Code  2904  stm32h7xx_hal_rcc.o(.text.HAL_RCC_OscConfig)
    HAL_SYSTICK_Config                       0x08005051   Thumb Code    16  stm32h7xx_hal_cortex.o(.text.HAL_SYSTICK_Config)
    HAL_TIM_Base_Init                        0x08005061   Thumb Code   168  stm32h7xx_hal_tim.o(.text.HAL_TIM_Base_Init)
    HAL_TIM_Base_MspInit                     0x08005109   Thumb Code     8  stm32h7xx_hal_tim.o(.text.HAL_TIM_Base_MspInit)
    HAL_TIM_Base_Start                       0x08005111   Thumb Code   248  stm32h7xx_hal_tim.o(.text.HAL_TIM_Base_Start)
    HAL_UART_Init                            0x08005209   Thumb Code   170  stm32h7xx_hal_uart.o(.text.HAL_UART_Init)
    HAL_UART_MspInit                         0x080052b9   Thumb Code     8  stm32h7xx_hal_uart.o(.text.HAL_UART_MspInit)
    HardFaultHandler                         0x080052c1   Thumb Code   358  segger_hardfaulthandler.o(.text.HardFaultHandler)
    MemManage_Handler                        0x08005729   Thumb Code     4  stm32h7xx_it.o(.text.MemManage_Handler)
    NMI_Handler                              0x08005731   Thumb Code     2  stm32h7xx_it.o(.text.NMI_Handler)
    PendSV_Handler                           0x080057a9   Thumb Code     2  stm32h7xx_it.o(.text.PendSV_Handler)
    SVC_Handler                              0x08005ca1   Thumb Code     2  stm32h7xx_it.o(.text.SVC_Handler)
    SysTick_Handler                          0x08005d59   Thumb Code    30  bsp_timer.o(.text.SysTick_Handler)
    SysTick_ISR                              0x08005d79   Thumb Code   196  bsp_timer.o(.text.SysTick_ISR)
    SystemInit                               0x08005f79   Thumb Code   352  system_stm32h7xx.o(.text.SystemInit)
    TIM2_IRQHandler                          0x080060d9   Thumb Code   304  bsp_timer.o(.text.TIM2_IRQHandler)
    TIM_Base_SetConfig                       0x08006209   Thumb Code   432  stm32h7xx_hal_tim.o(.text.TIM_Base_SetConfig)
    UART_AdvFeatureConfig                    0x080063b9   Thumb Code   328  stm32h7xx_hal_uart.o(.text.UART_AdvFeatureConfig)
    UART_CheckIdleState                      0x08006501   Thumb Code   326  stm32h7xx_hal_uart.o(.text.UART_CheckIdleState)
    UART_SetConfig                           0x080066e9   Thumb Code  2338  stm32h7xx_hal_uart.o(.text.UART_SetConfig)
    UART_WaitOnFlagUntilTimeout              0x08007011   Thumb Code   268  stm32h7xx_hal_uart.o(.text.UART_WaitOnFlagUntilTimeout)
    USART1_IRQHandler                        0x08007121   Thumb Code    16  bsp_uart_fifo.o(.text.USART1_IRQHandler)
    UsageFault_Handler                       0x08007381   Thumb Code     4  stm32h7xx_it.o(.text.UsageFault_Handler)
    bsp_CheckTimer                           0x08007499   Thumb Code   100  bsp_timer.o(.text.bsp_CheckTimer)
    bsp_DelayMS                              0x08007501   Thumb Code   102  bsp_timer.o(.text.bsp_DelayMS)
    bsp_Idle                                 0x080076b1   Thumb Code     2  bsp.o(.text.bsp_Idle)
    bsp_Init                                 0x080076b9   Thumb Code    36  bsp.o(.text.bsp_Init)
    bsp_InitHardTimer                        0x080076e1   Thumb Code   308  bsp_timer.o(.text.bsp_InitHardTimer)
    bsp_InitKey                              0x08007819   Thumb Code    12  bsp_key.o(.text.bsp_InitKey)
    bsp_InitTimer                            0x080079b9   Thumb Code   148  bsp_timer.o(.text.bsp_InitTimer)
    bsp_InitUart                             0x08007a51   Thumb Code    12  bsp_uart_fifo.o(.text.bsp_InitUart)
    bsp_KeyScan10ms                          0x08007a61   Thumb Code    48  bsp_key.o(.text.bsp_KeyScan10ms)
    bsp_PutKey                               0x08007a91   Thumb Code    54  bsp_key.o(.text.bsp_PutKey)
    bsp_RunPer10ms                           0x08007ac9   Thumb Code     8  bsp.o(.text.bsp_RunPer10ms)
    bsp_RunPer1ms                            0x08007ad1   Thumb Code     2  bsp.o(.text.bsp_RunPer1ms)
    bsp_SetKeyParam                          0x08007ad9   Thumb Code    66  bsp_key.o(.text.bsp_SetKeyParam)
    bsp_SetUartParam                         0x08007b21   Thumb Code    80  bsp_uart_fifo.o(.text.bsp_SetUartParam)
    bsp_StartAutoTimer                       0x08007bb1   Thumb Code   142  bsp_timer.o(.text.bsp_StartAutoTimer)
    bsp_led_init                             0x08007c41   Thumb Code    28  bsp_led.o(.text.bsp_led_init)
    bsp_led_off                              0x08007c61   Thumb Code   130  bsp_led.o(.text.bsp_led_off)
    bsp_led_on                               0x08007ce9   Thumb Code   130  bsp_led.o(.text.bsp_led_on)
    bsp_led_toggle                           0x08007d71   Thumb Code   122  bsp_led.o(.text.bsp_led_toggle)
    fputc                                    0x08007df1   Thumb Code    46  bsp_uart_fifo.o(.text.fputc)
    main                                     0x08007e21   Thumb Code   124  main.o(.text.main)
    _btod_d2e                                0x08007e9d   Thumb Code    62  btod.o(CL$$btod_d2e)
    _d2e_denorm_low                          0x08007edb   Thumb Code    70  btod.o(CL$$btod_d2e_denorm_low)
    _d2e_norm_op1                            0x08007f21   Thumb Code    96  btod.o(CL$$btod_d2e_norm_op1)
    __btod_div_common                        0x08007f81   Thumb Code   696  btod.o(CL$$btod_div_common)
    _e2e                                     0x080082b9   Thumb Code   220  btod.o(CL$$btod_e2e)
    _btod_ediv                               0x08008395   Thumb Code    42  btod.o(CL$$btod_ediv)
    _btod_emul                               0x080083bf   Thumb Code    42  btod.o(CL$$btod_emul)
    __btod_mult_common                       0x080083e9   Thumb Code   580  btod.o(CL$$btod_mult_common)
    HardFault_Handler                        0x0800862d   Thumb Code     0  hardfaulthandler.o(OSKERNEL)
    __ARM_fpclassify                         0x0800863f   Thumb Code    48  fpclassify.o(i.__ARM_fpclassify)
    _is_digit                                0x0800866f   Thumb Code    14  __printf_wp.o(i._is_digit)
    _get_lc_numeric                          0x0800867d   Thumb Code    44  lc_numeric_c.o(locale$$code)
    _get_lc_ctype                            0x080086a9   Thumb Code    44  lc_ctype_c.o(locale$$code)
    _fp_init                                 0x080086d5   Thumb Code    26  fpinit.o(x$fpl$fpinit)
    __fplib_config_fpu_vfp                   0x080086ed   Thumb Code     0  fpinit.o(x$fpl$fpinit)
    __fplib_config_pureend_doubles           0x080086ed   Thumb Code     0  fpinit.o(x$fpl$fpinit)
    _printf_fp_dec                           0x080086ef   Thumb Code     4  printf1.o(x$fpl$printf1)
    _printf_fp_hex                           0x080086f3   Thumb Code     4  printf2.o(x$fpl$printf2)
    __I$use$fp                               0x080086f6   Number         0  usenofp.o(x$fpl$usenofp)
    __stdin_name                             0x0800875f   Data           4  sys_io_names.o(.constdata)
    __stdout_name                            0x08008763   Data           4  sys_io_names.o(.constdata)
    __stderr_name                            0x08008767   Data           4  sys_io_names.o(.constdata)
    D1CorePrescTable                         0x08008800   Data          16  system_stm32h7xx.o(.rodata.D1CorePrescTable)
    UARTPrescTable                           0x08008810   Data          24  stm32h7xx_hal_uart.o(.rodata.UARTPrescTable)
    Region$$Table$$Base                      0x08008bbc   Number         0  anon$$obj.o(Region$$Table)
    Region$$Table$$Limit                     0x08008bdc   Number         0  anon$$obj.o(Region$$Table)
    __ctype                                  0x08008c05   Data           0  lc_ctype_c.o(locale$$data)
    __aeabi_stdin                            0x20000000   Data           4  stdio_streams.o(.data)
    __aeabi_stdout                           0x20000004   Data           4  stdio_streams.o(.data)
    __aeabi_stderr                           0x20000008   Data           4  stdio_streams.o(.data)
    SystemCoreClock                          0x2000000c   Data           4  system_stm32h7xx.o(.data.SystemCoreClock)
    SystemD2Clock                            0x20000010   Data           4  system_stm32h7xx.o(.data.SystemD2Clock)
    uwTickFreq                               0x20000014   Data           1  stm32h7xx_hal.o(.data.uwTickFreq)
    uwTickPrio                               0x20000018   Data           4  stm32h7xx_hal.o(.data.uwTickPrio)
    __stdin                                  0x20000020   Data          84  stdio_streams.o(.bss)
    __stdout                                 0x20000074   Data          84  stdio_streams.o(.bss)
    __stderr                                 0x200000c8   Data          84  stdio_streams.o(.bss)
    __libspace_start                         0x2000011c   Data          96  libspace.o(.bss)
    __temporary_stack_top$libspace           0x2000017c   Data           0  libspace.o(.bss)
    g_iRunTime                               0x200009c4   Data           4  bsp_timer.o(.bss.g_iRunTime)
    uwTick                                   0x20000af0   Data           4  stm32h7xx_hal.o(.bss.uwTick)



==============================================================================

Memory Map of the image

  Image Entry point : 0x08000421

  Load Region LR_1 (Base: 0x08000000, Size: 0x00008d24, Max: 0xffffffff, ABSOLUTE)

    Execution Region ER_RO (Exec base: 0x08000000, Load base: 0x08000000, Size: 0x00008d08, Max: 0xffffffff, ABSOLUTE)

    Exec Addr    Load Addr    Size         Type   Attr      Idx    E Section Name        Object

    0x08000000   0x08000000   0x00000298   Data   RO          219    RESET               startup_stm32h750xx.o
    0x08000298   0x08000298   0x00000008   Code   RO         1323  * !!!main             c_w.l(__main.o)
    0x080002a0   0x080002a0   0x0000005c   Code   RO         1825    !!!scatter          c_w.l(__scatter.o)
    0x080002fc   0x080002fc   0x0000001a   Code   RO         1829    !!handler_copy      c_w.l(__scatter_copy.o)
    0x08000316   0x08000316   0x00000002   PAD
    0x08000318   0x08000318   0x00000002   Code   RO         1826    !!handler_null      c_w.l(__scatter.o)
    0x0800031a   0x0800031a   0x00000002   PAD
    0x0800031c   0x0800031c   0x0000001c   Code   RO         1831    !!handler_zi        c_w.l(__scatter_zi.o)
    0x08000338   0x08000338   0x00000000   Code   RO         1409    .ARM.Collect$$_printf_percent$$00000000  c_w.l(_printf_percent.o)
    0x08000338   0x08000338   0x00000006   Code   RO         1398    .ARM.Collect$$_printf_percent$$00000001  c_w.l(_printf_n.o)
    0x0800033e   0x0800033e   0x00000006   Code   RO         1400    .ARM.Collect$$_printf_percent$$00000002  c_w.l(_printf_p.o)
    0x08000344   0x08000344   0x00000006   Code   RO         1405    .ARM.Collect$$_printf_percent$$00000003  c_w.l(_printf_f.o)
    0x0800034a   0x0800034a   0x00000006   Code   RO         1406    .ARM.Collect$$_printf_percent$$00000004  c_w.l(_printf_e.o)
    0x08000350   0x08000350   0x00000006   Code   RO         1407    .ARM.Collect$$_printf_percent$$00000005  c_w.l(_printf_g.o)
    0x08000356   0x08000356   0x00000006   Code   RO         1408    .ARM.Collect$$_printf_percent$$00000006  c_w.l(_printf_a.o)
    0x0800035c   0x0800035c   0x0000000a   Code   RO         1413    .ARM.Collect$$_printf_percent$$00000007  c_w.l(_printf_ll.o)
    0x08000366   0x08000366   0x00000006   Code   RO         1402    .ARM.Collect$$_printf_percent$$00000008  c_w.l(_printf_i.o)
    0x0800036c   0x0800036c   0x00000006   Code   RO         1403    .ARM.Collect$$_printf_percent$$00000009  c_w.l(_printf_d.o)
    0x08000372   0x08000372   0x00000006   Code   RO         1404    .ARM.Collect$$_printf_percent$$0000000A  c_w.l(_printf_u.o)
    0x08000378   0x08000378   0x00000006   Code   RO         1401    .ARM.Collect$$_printf_percent$$0000000B  c_w.l(_printf_o.o)
    0x0800037e   0x0800037e   0x00000006   Code   RO         1399    .ARM.Collect$$_printf_percent$$0000000C  c_w.l(_printf_x.o)
    0x08000384   0x08000384   0x00000006   Code   RO         1410    .ARM.Collect$$_printf_percent$$0000000D  c_w.l(_printf_lli.o)
    0x0800038a   0x0800038a   0x00000006   Code   RO         1411    .ARM.Collect$$_printf_percent$$0000000E  c_w.l(_printf_lld.o)
    0x08000390   0x08000390   0x00000006   Code   RO         1412    .ARM.Collect$$_printf_percent$$0000000F  c_w.l(_printf_llu.o)
    0x08000396   0x08000396   0x00000006   Code   RO         1417    .ARM.Collect$$_printf_percent$$00000010  c_w.l(_printf_llo.o)
    0x0800039c   0x0800039c   0x00000006   Code   RO         1418    .ARM.Collect$$_printf_percent$$00000011  c_w.l(_printf_llx.o)
    0x080003a2   0x080003a2   0x0000000a   Code   RO         1414    .ARM.Collect$$_printf_percent$$00000012  c_w.l(_printf_l.o)
    0x080003ac   0x080003ac   0x00000006   Code   RO         1396    .ARM.Collect$$_printf_percent$$00000013  c_w.l(_printf_c.o)
    0x080003b2   0x080003b2   0x00000006   Code   RO         1397    .ARM.Collect$$_printf_percent$$00000014  c_w.l(_printf_s.o)
    0x080003b8   0x080003b8   0x00000006   Code   RO         1415    .ARM.Collect$$_printf_percent$$00000015  c_w.l(_printf_lc.o)
    0x080003be   0x080003be   0x00000006   Code   RO         1416    .ARM.Collect$$_printf_percent$$00000016  c_w.l(_printf_ls.o)
    0x080003c4   0x080003c4   0x00000004   Code   RO         1467    .ARM.Collect$$_printf_percent$$00000017  c_w.l(_printf_percent_end.o)
    0x080003c8   0x080003c8   0x00000002   Code   RO         1608    .ARM.Collect$$libinit$$00000000  c_w.l(libinit.o)
    0x080003ca   0x080003ca   0x00000004   Code   RO         1609    .ARM.Collect$$libinit$$00000001  c_w.l(libinit2.o)
    0x080003ce   0x080003ce   0x00000000   Code   RO         1612    .ARM.Collect$$libinit$$00000004  c_w.l(libinit2.o)
    0x080003ce   0x080003ce   0x00000000   Code   RO         1614    .ARM.Collect$$libinit$$00000006  c_w.l(libinit2.o)
    0x080003ce   0x080003ce   0x00000008   Code   RO         1615    .ARM.Collect$$libinit$$00000007  c_w.l(libinit2.o)
    0x080003d6   0x080003d6   0x00000000   Code   RO         1617    .ARM.Collect$$libinit$$0000000C  c_w.l(libinit2.o)
    0x080003d6   0x080003d6   0x00000000   Code   RO         1619    .ARM.Collect$$libinit$$0000000E  c_w.l(libinit2.o)
    0x080003d6   0x080003d6   0x00000000   Code   RO         1621    .ARM.Collect$$libinit$$00000010  c_w.l(libinit2.o)
    0x080003d6   0x080003d6   0x00000006   Code   RO         1622    .ARM.Collect$$libinit$$00000011  c_w.l(libinit2.o)
    0x080003dc   0x080003dc   0x00000000   Code   RO         1624    .ARM.Collect$$libinit$$00000013  c_w.l(libinit2.o)
    0x080003dc   0x080003dc   0x0000000c   Code   RO         1625    .ARM.Collect$$libinit$$00000014  c_w.l(libinit2.o)
    0x080003e8   0x080003e8   0x00000000   Code   RO         1626    .ARM.Collect$$libinit$$00000015  c_w.l(libinit2.o)
    0x080003e8   0x080003e8   0x00000000   Code   RO         1628    .ARM.Collect$$libinit$$00000017  c_w.l(libinit2.o)
    0x080003e8   0x080003e8   0x0000000a   Code   RO         1629    .ARM.Collect$$libinit$$00000018  c_w.l(libinit2.o)
    0x080003f2   0x080003f2   0x00000000   Code   RO         1630    .ARM.Collect$$libinit$$00000019  c_w.l(libinit2.o)
    0x080003f2   0x080003f2   0x00000000   Code   RO         1632    .ARM.Collect$$libinit$$0000001B  c_w.l(libinit2.o)
    0x080003f2   0x080003f2   0x00000000   Code   RO         1634    .ARM.Collect$$libinit$$0000001D  c_w.l(libinit2.o)
    0x080003f2   0x080003f2   0x00000000   Code   RO         1636    .ARM.Collect$$libinit$$0000001F  c_w.l(libinit2.o)
    0x080003f2   0x080003f2   0x00000000   Code   RO         1638    .ARM.Collect$$libinit$$00000021  c_w.l(libinit2.o)
    0x080003f2   0x080003f2   0x00000000   Code   RO         1640    .ARM.Collect$$libinit$$00000023  c_w.l(libinit2.o)
    0x080003f2   0x080003f2   0x00000000   Code   RO         1642    .ARM.Collect$$libinit$$00000025  c_w.l(libinit2.o)
    0x080003f2   0x080003f2   0x00000004   Code   RO         1643    .ARM.Collect$$libinit$$00000026  c_w.l(libinit2.o)
    0x080003f6   0x080003f6   0x00000000   Code   RO         1644    .ARM.Collect$$libinit$$00000027  c_w.l(libinit2.o)
    0x080003f6   0x080003f6   0x00000000   Code   RO         1648    .ARM.Collect$$libinit$$0000002E  c_w.l(libinit2.o)
    0x080003f6   0x080003f6   0x00000000   Code   RO         1650    .ARM.Collect$$libinit$$00000030  c_w.l(libinit2.o)
    0x080003f6   0x080003f6   0x00000000   Code   RO         1652    .ARM.Collect$$libinit$$00000032  c_w.l(libinit2.o)
    0x080003f6   0x080003f6   0x00000000   Code   RO         1654    .ARM.Collect$$libinit$$00000034  c_w.l(libinit2.o)
    0x080003f6   0x080003f6   0x00000002   Code   RO         1655    .ARM.Collect$$libinit$$00000035  c_w.l(libinit2.o)
    0x080003f8   0x080003f8   0x00000002   Code   RO         1806    .ARM.Collect$$libshutdown$$00000000  c_w.l(libshutdown.o)
    0x080003fa   0x080003fa   0x00000000   Code   RO         1657    .ARM.Collect$$libshutdown$$00000002  c_w.l(libshutdown2.o)
    0x080003fa   0x080003fa   0x00000004   Code   RO         1658    .ARM.Collect$$libshutdown$$00000003  c_w.l(libshutdown2.o)
    0x080003fe   0x080003fe   0x00000000   Code   RO         1659    .ARM.Collect$$libshutdown$$00000004  c_w.l(libshutdown2.o)
    0x080003fe   0x080003fe   0x00000000   Code   RO         1662    .ARM.Collect$$libshutdown$$00000007  c_w.l(libshutdown2.o)
    0x080003fe   0x080003fe   0x00000000   Code   RO         1665    .ARM.Collect$$libshutdown$$0000000A  c_w.l(libshutdown2.o)
    0x080003fe   0x080003fe   0x00000000   Code   RO         1667    .ARM.Collect$$libshutdown$$0000000C  c_w.l(libshutdown2.o)
    0x080003fe   0x080003fe   0x00000000   Code   RO         1670    .ARM.Collect$$libshutdown$$0000000F  c_w.l(libshutdown2.o)
    0x080003fe   0x080003fe   0x00000002   Code   RO         1671    .ARM.Collect$$libshutdown$$00000010  c_w.l(libshutdown2.o)
    0x08000400   0x08000400   0x00000000   Code   RO         1325    .ARM.Collect$$rtentry$$00000000  c_w.l(__rtentry.o)
    0x08000400   0x08000400   0x00000000   Code   RO         1434    .ARM.Collect$$rtentry$$00000002  c_w.l(__rtentry2.o)
    0x08000400   0x08000400   0x00000006   Code   RO         1446    .ARM.Collect$$rtentry$$00000004  c_w.l(__rtentry4.o)
    0x08000406   0x08000406   0x00000000   Code   RO         1436    .ARM.Collect$$rtentry$$00000009  c_w.l(__rtentry2.o)
    0x08000406   0x08000406   0x00000004   Code   RO         1437    .ARM.Collect$$rtentry$$0000000A  c_w.l(__rtentry2.o)
    0x0800040a   0x0800040a   0x00000000   Code   RO         1439    .ARM.Collect$$rtentry$$0000000C  c_w.l(__rtentry2.o)
    0x0800040a   0x0800040a   0x00000008   Code   RO         1440    .ARM.Collect$$rtentry$$0000000D  c_w.l(__rtentry2.o)
    0x08000412   0x08000412   0x00000002   Code   RO         1684    .ARM.Collect$$rtexit$$00000000  c_w.l(rtexit.o)
    0x08000414   0x08000414   0x00000000   Code   RO         1744    .ARM.Collect$$rtexit$$00000002  c_w.l(rtexit2.o)
    0x08000414   0x08000414   0x00000004   Code   RO         1745    .ARM.Collect$$rtexit$$00000003  c_w.l(rtexit2.o)
    0x08000418   0x08000418   0x00000006   Code   RO         1746    .ARM.Collect$$rtexit$$00000004  c_w.l(rtexit2.o)
    0x0800041e   0x0800041e   0x00000002   PAD
    0x08000420   0x08000420   0x00000040   Code   RO          220  * .text               startup_stm32h750xx.o
    0x08000460   0x08000460   0x000000f0   Code   RO         1315    .text               c_w.l(lludivv7m.o)
    0x08000550   0x08000550   0x00000018   Code   RO         1317    .text               c_w.l(printf.o)
    0x08000568   0x08000568   0x0000004e   Code   RO         1319    .text               c_w.l(rt_memclr_w.o)
    0x080005b6   0x080005b6   0x00000006   Code   RO         1321    .text               c_w.l(heapauxi.o)
    0x080005bc   0x080005bc   0x0000004e   Code   RO         1332    .text               c_w.l(_printf_pad.o)
    0x0800060a   0x0800060a   0x00000024   Code   RO         1334    .text               c_w.l(_printf_truncate.o)
    0x0800062e   0x0800062e   0x00000052   Code   RO         1336    .text               c_w.l(_printf_str.o)
    0x08000680   0x08000680   0x00000078   Code   RO         1338    .text               c_w.l(_printf_dec.o)
    0x080006f8   0x080006f8   0x00000028   Code   RO         1340    .text               c_w.l(_printf_charcount.o)
    0x08000720   0x08000720   0x00000024   Code   RO         1342    .text               c_w.l(_printf_char_file.o)
    0x08000744   0x08000744   0x000000bc   Code   RO         1344    .text               c_w.l(_printf_wctomb.o)
    0x08000800   0x08000800   0x0000007c   Code   RO         1347    .text               c_w.l(_printf_longlong_dec.o)
    0x0800087c   0x0800087c   0x00000070   Code   RO         1353    .text               c_w.l(_printf_oct_int_ll.o)
    0x080008ec   0x080008ec   0x00000094   Code   RO         1373    .text               c_w.l(_printf_hex_int_ll_ptr.o)
    0x08000980   0x08000980   0x00000188   Code   RO         1393    .text               c_w.l(__printf_flags_ss_wp.o)
    0x08000b08   0x08000b08   0x0000008a   Code   RO         1450    .text               c_w.l(lludiv10.o)
    0x08000b92   0x08000b92   0x000000b2   Code   RO         1452    .text               c_w.l(_printf_intcommon.o)
    0x08000c44   0x08000c44   0x0000041c   Code   RO         1454    .text               c_w.l(_printf_fp_dec.o)
    0x08001060   0x08001060   0x000002fc   Code   RO         1458    .text               c_w.l(_printf_fp_hex.o)
    0x0800135c   0x0800135c   0x00000030   Code   RO         1461    .text               c_w.l(_printf_char_common.o)
    0x0800138c   0x0800138c   0x0000002c   Code   RO         1463    .text               c_w.l(_printf_char.o)
    0x080013b8   0x080013b8   0x0000002c   Code   RO         1465    .text               c_w.l(_printf_wchar.o)
    0x080013e4   0x080013e4   0x00000008   Code   RO         1468    .text               c_w.l(ferror.o)
    0x080013ec   0x080013ec   0x00000138   Code   RO         1470    .text               c_w.l(initio.o)
    0x08001524   0x08001524   0x00000048   Code   RO         1476    .text               c_w.l(_c16rtomb.o)
    0x0800156c   0x0800156c   0x0000004a   Code   RO         1483    .text               c_w.l(sys_stackheap_outer.o)
    0x080015b6   0x080015b6   0x00000002   PAD
    0x080015b8   0x080015b8   0x00000010   Code   RO         1485    .text               c_w.l(rt_ctype_table.o)
    0x080015c8   0x080015c8   0x00000008   Code   RO         1490    .text               c_w.l(rt_locale_intlibspace.o)
    0x080015d0   0x080015d0   0x0000004e   Code   RO         1494    .text               c_w.l(h1_free.o)
    0x0800161e   0x0800161e   0x00000002   PAD
    0x08001620   0x08001620   0x00000080   Code   RO         1548    .text               c_w.l(_printf_fp_infnan.o)
    0x080016a0   0x080016a0   0x000000e4   Code   RO         1552    .text               c_w.l(bigflt0.o)
    0x08001784   0x08001784   0x00000046   Code   RO         1579    .text               c_w.l(setvbuf.o)
    0x080017ca   0x080017ca   0x00000002   PAD
    0x080017cc   0x080017cc   0x000000f0   Code   RO         1582    .text               c_w.l(fopen.o)
    0x080018bc   0x080018bc   0x0000004c   Code   RO         1584    .text               c_w.l(fclose.o)
    0x08001908   0x08001908   0x00000012   Code   RO         1593    .text               c_w.l(exit.o)
    0x0800191a   0x0800191a   0x0000000e   Code   RO         1599    .text               c_w.l(defsig_rtred_outer.o)
    0x08001928   0x08001928   0x00000066   Code   RO         1677    .text               c_w.l(sys_io.o)
    0x0800198e   0x0800198e   0x00000002   PAD
    0x08001990   0x08001990   0x00000008   Code   RO         1681    .text               c_w.l(libspace.o)
    0x08001998   0x08001998   0x00000008   Code   RO         1691    .text               c_w.l(rt_heap_descriptor_intlibspace.o)
    0x080019a0   0x080019a0   0x00000004   Code   RO         1693    .text               c_w.l(hguard.o)
    0x080019a4   0x080019a4   0x0000008a   Code   RO         1695    .text               c_w.l(init_alloc.o)
    0x08001a2e   0x08001a2e   0x0000005e   Code   RO         1701    .text               c_w.l(h1_alloc.o)
    0x08001a8c   0x08001a8c   0x000000f8   Code   RO         1715    .text               c_w.l(fseek.o)
    0x08001b84   0x08001b84   0x00000108   Code   RO         1717    .text               c_w.l(stdio.o)
    0x08001c8c   0x08001c8c   0x0000000a   Code   RO         1722    .text               c_w.l(defsig_exit.o)
    0x08001c96   0x08001c96   0x00000002   PAD
    0x08001c98   0x08001c98   0x00000034   Code   RO         1726    .text               c_w.l(defsig_rtred_inner.o)
    0x08001ccc   0x08001ccc   0x00000004   PAD
    0x08001cd0   0x08001cd0   0x0000007c   Code   RO         1730    .text               c_w.l(strcmpv7m_pel.o)
    0x08001d4c   0x08001d4c   0x0000000c   Code   RO         1736    .text               c_w.l(sys_exit.o)
    0x08001d58   0x08001d58   0x00000002   Code   RO         1740    .text               c_w.l(use_no_semi.o)
    0x08001d5a   0x08001d5a   0x00000000   Code   RO         1742    .text               c_w.l(indicate_semi.o)
    0x08001d5a   0x08001d5a   0x00000000   Code   RO         1750    .text               c_w.l(maybetermalloc1.o)
    0x08001d5a   0x08001d5a   0x0000000c   Code   RO         1752    .text               c_w.l(h1_init.o)
    0x08001d66   0x08001d66   0x00000034   Code   RO         1754    .text               c_w.l(h1_extend.o)
    0x08001d9a   0x08001d9a   0x00000042   Code   RO         1762    .text               c_w.l(ftell.o)
    0x08001ddc   0x08001ddc   0x00000032   Code   RO         1766    .text               c_w.l(defsig_general.o)
    0x08001e0e   0x08001e0e   0x0000000e   Code   RO         1768    .text               c_w.l(defsig_rtmem_outer.o)
    0x08001e1c   0x08001e1c   0x0000003e   Code   RO         1772    .text               c_w.l(strlen.o)
    0x08001e5a   0x08001e5a   0x0000000e   Code   RO         1783    .text               c_w.l(sys_wrch.o)
    0x08001e68   0x08001e68   0x00000008   Code   RO         1794    .text               c_w.l(rt_errno_addr_intlibspace.o)
    0x08001e70   0x08001e70   0x00000050   Code   RO         1800    .text               c_w.l(defsig_rtmem_inner.o)
    0x08001ec0   0x08001ec0   0x00000004   Code   RO           45    .text.BusFault_Handler  stm32h7xx_it.o
    0x08001ec4   0x08001ec4   0x00000004   PAD
    0x08001ec8   0x08001ec8   0x000000de   Code   RO           21    .text.CPU_CACHE_Enable  bsp.o
    0x08001fa6   0x08001fa6   0x00000002   PAD
    0x08001fa8   0x08001fa8   0x00000002   Code   RO           51    .text.DebugMon_Handler  stm32h7xx_it.o
    0x08001faa   0x08001faa   0x00000006   PAD
    0x08001fb0   0x08001fb0   0x00000014   Code   RO           25    .text.Error_Handler  bsp.o
    0x08001fc4   0x08001fc4   0x00000004   PAD
    0x08001fc8   0x08001fc8   0x00000012   Code   RO          285    .text.HAL_EnableCompensationCell  stm32h7xx_hal.o
    0x08001fda   0x08001fda   0x00000006   PAD
    0x08001fe0   0x08001fe0   0x000003c4   Code   RO          477    .text.HAL_GPIO_Init  stm32h7xx_hal_gpio.o
    0x080023a4   0x080023a4   0x00000004   PAD
    0x080023a8   0x080023a8   0x00000026   Code   RO          485    .text.HAL_GPIO_TogglePin  stm32h7xx_hal_gpio.o
    0x080023ce   0x080023ce   0x00000002   PAD
    0x080023d0   0x080023d0   0x0000002e   Code   RO          483    .text.HAL_GPIO_WritePin  stm32h7xx_hal_gpio.o
    0x080023fe   0x080023fe   0x00000002   PAD
    0x08002400   0x08002400   0x0000000e   Code   RO          255    .text.HAL_GetREVID  stm32h7xx_hal.o
    0x0800240e   0x0800240e   0x00000002   PAD
    0x08002410   0x08002410   0x0000000c   Code   RO          239    .text.HAL_GetTick   stm32h7xx_hal.o
    0x0800241c   0x0800241c   0x00000004   PAD
    0x08002420   0x08002420   0x0000001a   Code   RO          237    .text.HAL_IncTick   stm32h7xx_hal.o
    0x0800243a   0x0800243a   0x00000006   PAD
    0x08002440   0x08002440   0x0000007a   Code   RO          227    .text.HAL_Init      stm32h7xx_hal.o
    0x080024ba   0x080024ba   0x00000006   PAD
    0x080024c0   0x080024c0   0x00000086   Code   RO          229    .text.HAL_InitTick  stm32h7xx_hal.o
    0x08002546   0x08002546   0x00000002   PAD
    0x08002548   0x08002548   0x00000080   Code   RO          369    .text.HAL_MPU_ConfigRegion  stm32h7xx_hal_cortex.o
    0x080025c8   0x080025c8   0x00000022   Code   RO          361    .text.HAL_MPU_Disable  stm32h7xx_hal_cortex.o
    0x080025ea   0x080025ea   0x00000006   PAD
    0x080025f0   0x080025f0   0x00000030   Code   RO          363    .text.HAL_MPU_Enable  stm32h7xx_hal_cortex.o
    0x08002620   0x08002620   0x00000002   Code   RO          231    .text.HAL_MspInit   stm32h7xx_hal.o
    0x08002622   0x08002622   0x00000006   PAD
    0x08002628   0x08002628   0x00000014   Code   RO          345    .text.HAL_NVIC_EnableIRQ  stm32h7xx_hal_cortex.o
    0x0800263c   0x0800263c   0x00000004   PAD
    0x08002640   0x08002640   0x0000002e   Code   RO          337    .text.HAL_NVIC_SetPriority  stm32h7xx_hal_cortex.o
    0x0800266e   0x0800266e   0x00000002   PAD
    0x08002670   0x08002670   0x00000010   Code   RO          333    .text.HAL_NVIC_SetPriorityGrouping  stm32h7xx_hal_cortex.o
    0x08002680   0x08002680   0x00000026   Code   RO          600    .text.HAL_RCCEx_GetD3PCLK1Freq  stm32h7xx_hal_rcc_ex.o
    0x080026a6   0x080026a6   0x00000002   PAD
    0x080026a8   0x080026a8   0x000002ac   Code   RO          596    .text.HAL_RCCEx_GetPLL2ClockFreq  stm32h7xx_hal_rcc_ex.o
    0x08002954   0x08002954   0x00000004   PAD
    0x08002958   0x08002958   0x000002ac   Code   RO          598    .text.HAL_RCCEx_GetPLL3ClockFreq  stm32h7xx_hal_rcc_ex.o
    0x08002c04   0x08002c04   0x00000004   PAD
    0x08002c08   0x08002c08   0x000010a0   Code   RO          584    .text.HAL_RCCEx_PeriphCLKConfig  stm32h7xx_hal_rcc_ex.o
    0x08003ca8   0x08003ca8   0x00000498   Code   RO          553    .text.HAL_RCC_ClockConfig  stm32h7xx_hal_rcc.o
    0x08004140   0x08004140   0x00000056   Code   RO          563    .text.HAL_RCC_GetHCLKFreq  stm32h7xx_hal_rcc.o
    0x08004196   0x08004196   0x00000002   PAD
    0x08004198   0x08004198   0x00000026   Code   RO          565    .text.HAL_RCC_GetPCLK1Freq  stm32h7xx_hal_rcc.o
    0x080041be   0x080041be   0x00000002   PAD
    0x080041c0   0x080041c0   0x00000026   Code   RO          567    .text.HAL_RCC_GetPCLK2Freq  stm32h7xx_hal_rcc.o
    0x080041e6   0x080041e6   0x00000002   PAD
    0x080041e8   0x080041e8   0x00000310   Code   RO          555    .text.HAL_RCC_GetSysClockFreq  stm32h7xx_hal_rcc.o
    0x080044f8   0x080044f8   0x00000b58   Code   RO          551    .text.HAL_RCC_OscConfig  stm32h7xx_hal_rcc.o
    0x08005050   0x08005050   0x00000010   Code   RO          357    .text.HAL_SYSTICK_Config  stm32h7xx_hal_cortex.o
    0x08005060   0x08005060   0x000000a8   Code   RO          647    .text.HAL_TIM_Base_Init  stm32h7xx_hal_tim.o
    0x08005108   0x08005108   0x00000008   Code   RO          649    .text.HAL_TIM_Base_MspInit  stm32h7xx_hal_tim.o
    0x08005110   0x08005110   0x000000f8   Code   RO          657    .text.HAL_TIM_Base_Start  stm32h7xx_hal_tim.o
    0x08005208   0x08005208   0x000000aa   Code   RO          995    .text.HAL_UART_Init  stm32h7xx_hal_uart.o
    0x080052b2   0x080052b2   0x00000006   PAD
    0x080052b8   0x080052b8   0x00000008   Code   RO          997    .text.HAL_UART_MspInit  stm32h7xx_hal_uart.o
    0x080052c0   0x080052c0   0x00000166   Code   RO         1303    .text.HardFaultHandler  segger_hardfaulthandler.o
    0x08005426   0x08005426   0x00000002   PAD
    0x08005428   0x08005428   0x00000102   Code   RO          173    .text.InitHardUart  bsp_uart_fifo.o
    0x0800552a   0x0800552a   0x00000006   PAD
    0x08005530   0x08005530   0x000000f0   Code   RO           88    .text.IsKeyDownFunc  bsp_key.o
    0x08005620   0x08005620   0x0000006c   Code   RO           90    .text.KeyPinActive  bsp_key.o
    0x0800568c   0x0800568c   0x00000004   PAD
    0x08005690   0x08005690   0x00000096   Code   RO           19    .text.MPU_Config    bsp.o
    0x08005726   0x08005726   0x00000002   PAD
    0x08005728   0x08005728   0x00000004   Code   RO           43    .text.MemManage_Handler  stm32h7xx_it.o
    0x0800572c   0x0800572c   0x00000004   PAD
    0x08005730   0x08005730   0x00000002   Code   RO           41    .text.NMI_Handler   stm32h7xx_it.o
    0x08005732   0x08005732   0x00000006   PAD
    0x08005738   0x08005738   0x0000006c   Code   RO          343    .text.NVIC_EncodePriority  stm32h7xx_hal_cortex.o
    0x080057a4   0x080057a4   0x00000004   PAD
    0x080057a8   0x080057a8   0x00000002   Code   RO           53    .text.PendSV_Handler  stm32h7xx_it.o
    0x080057aa   0x080057aa   0x00000006   PAD
    0x080057b0   0x080057b0   0x00000028   Code   RO            6    .text.PrintfHelp    main.o
    0x080057d8   0x080057d8   0x00000124   Code   RO            4    .text.PrintfLogo    main.o
    0x080058fc   0x080058fc   0x00000004   PAD
    0x08005900   0x08005900   0x000001ca   Code   RO          586    .text.RCCEx_PLL2_Config  stm32h7xx_hal_rcc_ex.o
    0x08005aca   0x08005aca   0x00000006   PAD
    0x08005ad0   0x08005ad0   0x000001ca   Code   RO          588    .text.RCCEx_PLL3_Config  stm32h7xx_hal_rcc_ex.o
    0x08005c9a   0x08005c9a   0x00000006   PAD
    0x08005ca0   0x08005ca0   0x00000002   Code   RO           49    .text.SVC_Handler   stm32h7xx_it.o
    0x08005ca2   0x08005ca2   0x00000006   PAD
    0x08005ca8   0x08005ca8   0x00000052   Code   RO          119    .text.SysTick_Config  bsp_timer.o
    0x08005cfa   0x08005cfa   0x00000006   PAD
    0x08005d00   0x08005d00   0x00000052   Code   RO          359    .text.SysTick_Config  stm32h7xx_hal_cortex.o
    0x08005d52   0x08005d52   0x00000006   PAD
    0x08005d58   0x08005d58   0x0000001e   Code   RO          143    .text.SysTick_Handler  bsp_timer.o
    0x08005d76   0x08005d76   0x00000002   PAD
    0x08005d78   0x08005d78   0x000000c4   Code   RO          123    .text.SysTick_ISR   bsp_timer.o
    0x08005e3c   0x08005e3c   0x00000004   PAD
    0x08005e40   0x08005e40   0x00000134   Code   RO           23    .text.SystemClock_Config  bsp.o
    0x08005f74   0x08005f74   0x00000004   PAD
    0x08005f78   0x08005f78   0x00000160   Code   RO         1286    .text.SystemInit    system_stm32h7xx.o
    0x080060d8   0x080060d8   0x00000130   Code   RO          147    .text.TIM2_IRQHandler  bsp_timer.o
    0x08006208   0x08006208   0x000001b0   Code   RO          651    .text.TIM_Base_SetConfig  stm32h7xx_hal_tim.o
    0x080063b8   0x080063b8   0x00000148   Code   RO          999    .text.UART_AdvFeatureConfig  stm32h7xx_hal_uart.o
    0x08006500   0x08006500   0x00000146   Code   RO         1003    .text.UART_CheckIdleState  stm32h7xx_hal_uart.o
    0x08006646   0x08006646   0x00000002   PAD
    0x08006648   0x08006648   0x0000009e   Code   RO         1055    .text.UART_EndRxTransfer  stm32h7xx_hal_uart.o
    0x080066e6   0x080066e6   0x00000002   PAD
    0x080066e8   0x080066e8   0x00000922   Code   RO         1001    .text.UART_SetConfig  stm32h7xx_hal_uart.o
    0x0800700a   0x0800700a   0x00000006   PAD
    0x08007010   0x08007010   0x0000010c   Code   RO         1017    .text.UART_WaitOnFlagUntilTimeout  stm32h7xx_hal_uart.o
    0x0800711c   0x0800711c   0x00000004   PAD
    0x08007120   0x08007120   0x00000010   Code   RO          199    .text.USART1_IRQHandler  bsp_uart_fifo.o
    0x08007130   0x08007130   0x00000206   Code   RO          201    .text.UartIRQ       bsp_uart_fifo.o
    0x08007336   0x08007336   0x00000002   PAD
    0x08007338   0x08007338   0x00000048   Code   RO          171    .text.UartVarInit   bsp_uart_fifo.o
    0x08007380   0x08007380   0x00000004   Code   RO           47    .text.UsageFault_Handler  stm32h7xx_it.o
    0x08007384   0x08007384   0x00000004   PAD
    0x08007388   0x08007388   0x00000030   Code   RO          347    .text.__NVIC_EnableIRQ  stm32h7xx_hal_cortex.o
    0x080073b8   0x080073b8   0x00000010   Code   RO          339    .text.__NVIC_GetPriorityGrouping  stm32h7xx_hal_cortex.o
    0x080073c8   0x080073c8   0x00000042   Code   RO          149    .text.__NVIC_SetPriority  bsp_timer.o
    0x0800740a   0x0800740a   0x00000006   PAD
    0x08007410   0x08007410   0x00000042   Code   RO          341    .text.__NVIC_SetPriority  stm32h7xx_hal_cortex.o
    0x08007452   0x08007452   0x00000006   PAD
    0x08007458   0x08007458   0x0000003c   Code   RO          335    .text.__NVIC_SetPriorityGrouping  stm32h7xx_hal_cortex.o
    0x08007494   0x08007494   0x00000004   PAD
    0x08007498   0x08007498   0x00000064   Code   RO          137    .text.bsp_CheckTimer  bsp_timer.o
    0x080074fc   0x080074fc   0x00000004   PAD
    0x08007500   0x08007500   0x00000066   Code   RO          127    .text.bsp_DelayMS   bsp_timer.o
    0x08007566   0x08007566   0x00000002   PAD
    0x08007568   0x08007568   0x00000148   Code   RO           82    .text.bsp_DetectKey  bsp_key.o
    0x080076b0   0x080076b0   0x00000002   Code   RO           31    .text.bsp_Idle      bsp.o
    0x080076b2   0x080076b2   0x00000006   PAD
    0x080076b8   0x080076b8   0x00000024   Code   RO           17    .text.bsp_Init      bsp.o
    0x080076dc   0x080076dc   0x00000004   PAD
    0x080076e0   0x080076e0   0x00000134   Code   RO          121    .text.bsp_InitHardTimer  bsp_timer.o
    0x08007814   0x08007814   0x00000004   PAD
    0x08007818   0x08007818   0x0000000c   Code   RO           62    .text.bsp_InitKey   bsp_key.o
    0x08007824   0x08007824   0x00000004   PAD
    0x08007828   0x08007828   0x000000e8   Code   RO           66    .text.bsp_InitKeyHard  bsp_key.o
    0x08007910   0x08007910   0x000000a2   Code   RO           64    .text.bsp_InitKeyVar  bsp_key.o
    0x080079b2   0x080079b2   0x00000006   PAD
    0x080079b8   0x080079b8   0x00000094   Code   RO          117    .text.bsp_InitTimer  bsp_timer.o
    0x08007a4c   0x08007a4c   0x00000004   PAD
    0x08007a50   0x08007a50   0x0000000c   Code   RO          169    .text.bsp_InitUart  bsp_uart_fifo.o
    0x08007a5c   0x08007a5c   0x00000004   PAD
    0x08007a60   0x08007a60   0x00000030   Code   RO           80    .text.bsp_KeyScan10ms  bsp_key.o
    0x08007a90   0x08007a90   0x00000036   Code   RO           68    .text.bsp_PutKey    bsp_key.o
    0x08007ac6   0x08007ac6   0x00000002   PAD
    0x08007ac8   0x08007ac8   0x00000008   Code   RO           27    .text.bsp_RunPer10ms  bsp.o
    0x08007ad0   0x08007ad0   0x00000002   Code   RO           29    .text.bsp_RunPer1ms  bsp.o
    0x08007ad2   0x08007ad2   0x00000006   PAD
    0x08007ad8   0x08007ad8   0x00000042   Code   RO           76    .text.bsp_SetKeyParam  bsp_key.o
    0x08007b1a   0x08007b1a   0x00000006   PAD
    0x08007b20   0x08007b20   0x00000050   Code   RO          195    .text.bsp_SetUartParam  bsp_uart_fifo.o
    0x08007b70   0x08007b70   0x0000003a   Code   RO          125    .text.bsp_SoftTimerDec  bsp_timer.o
    0x08007baa   0x08007baa   0x00000006   PAD
    0x08007bb0   0x08007bb0   0x0000008e   Code   RO          133    .text.bsp_StartAutoTimer  bsp_timer.o
    0x08007c3e   0x08007c3e   0x00000002   PAD
    0x08007c40   0x08007c40   0x0000001c   Code   RO          102    .text.bsp_led_init  bsp_led.o
    0x08007c5c   0x08007c5c   0x00000004   PAD
    0x08007c60   0x08007c60   0x00000082   Code   RO          104    .text.bsp_led_off   bsp_led.o
    0x08007ce2   0x08007ce2   0x00000006   PAD
    0x08007ce8   0x08007ce8   0x00000082   Code   RO          106    .text.bsp_led_on    bsp_led.o
    0x08007d6a   0x08007d6a   0x00000006   PAD
    0x08007d70   0x08007d70   0x0000007a   Code   RO          108    .text.bsp_led_toggle  bsp_led.o
    0x08007dea   0x08007dea   0x00000006   PAD
    0x08007df0   0x08007df0   0x0000002e   Code   RO          203    .text.fputc         bsp_uart_fifo.o
    0x08007e1e   0x08007e1e   0x00000002   PAD
    0x08007e20   0x08007e20   0x0000007c   Code   RO            2    .text.main          main.o
    0x08007e9c   0x08007e9c   0x0000003e   Code   RO         1555    CL$$btod_d2e        c_w.l(btod.o)
    0x08007eda   0x08007eda   0x00000046   Code   RO         1557    CL$$btod_d2e_denorm_low  c_w.l(btod.o)
    0x08007f20   0x08007f20   0x00000060   Code   RO         1556    CL$$btod_d2e_norm_op1  c_w.l(btod.o)
    0x08007f80   0x08007f80   0x00000338   Code   RO         1565    CL$$btod_div_common  c_w.l(btod.o)
    0x080082b8   0x080082b8   0x000000dc   Code   RO         1562    CL$$btod_e2e        c_w.l(btod.o)
    0x08008394   0x08008394   0x0000002a   Code   RO         1559    CL$$btod_ediv       c_w.l(btod.o)
    0x080083be   0x080083be   0x0000002a   Code   RO         1558    CL$$btod_emul       c_w.l(btod.o)
    0x080083e8   0x080083e8   0x00000244   Code   RO         1564    CL$$btod_mult_common  c_w.l(btod.o)
    0x0800862c   0x0800862c   0x00000012   Code   RO         1299    OSKERNEL            hardfaulthandler.o
    0x0800863e   0x0800863e   0x00000030   Code   RO         1675    i.__ARM_fpclassify  m_wv.l(fpclassify.o)
    0x0800866e   0x0800866e   0x0000000e   Code   RO         1386    i._is_digit         c_w.l(__printf_wp.o)
    0x0800867c   0x0800867c   0x0000002c   Code   RO         1591    locale$$code        c_w.l(lc_numeric_c.o)
    0x080086a8   0x080086a8   0x0000002c   Code   RO         1720    locale$$code        c_w.l(lc_ctype_c.o)
    0x080086d4   0x080086d4   0x0000001a   Code   RO         1734    x$fpl$fpinit        fz_wv.l(fpinit.o)
    0x080086ee   0x080086ee   0x00000004   Code   RO         1425    x$fpl$printf1       fz_wv.l(printf1.o)
    0x080086f2   0x080086f2   0x00000004   Code   RO         1427    x$fpl$printf2       fz_wv.l(printf2.o)
    0x080086f6   0x080086f6   0x00000000   Code   RO         1674    x$fpl$usenofp       fz_wv.l(usenofp.o)
    0x080086f6   0x080086f6   0x00000002   PAD
    0x080086f8   0x080086f8   0x00000008   Data   RO         1345    .constdata          c_w.l(_printf_wctomb.o)
    0x08008700   0x08008700   0x00000028   Data   RO         1374    .constdata          c_w.l(_printf_hex_int_ll_ptr.o)
    0x08008728   0x08008728   0x00000011   Data   RO         1394    .constdata          c_w.l(__printf_flags_ss_wp.o)
    0x08008739   0x08008739   0x00000026   Data   RO         1459    .constdata          c_w.l(_printf_fp_hex.o)
    0x0800875f   0x0800875f   0x00000004   Data   RO         1478    .constdata          c_w.l(sys_io_names.o)
    0x08008763   0x08008763   0x00000004   Data   RO         1479    .constdata          c_w.l(sys_io_names.o)
    0x08008767   0x08008767   0x00000004   Data   RO         1480    .constdata          c_w.l(sys_io_names.o)
    0x0800876b   0x0800876b   0x00000001   PAD
    0x0800876c   0x0800876c   0x00000094   Data   RO         1553    .constdata          c_w.l(bigflt0.o)
    0x08008800   0x08008800   0x00000010   Data   RO         1292    .rodata.D1CorePrescTable  system_stm32h7xx.o
    0x08008810   0x08008810   0x00000018   Data   RO         1135    .rodata.UARTPrescTable  stm32h7xx_hal_uart.o
    0x08008828   0x08008828   0x00000040   Data   RO           94    .rodata.s_gpio_list  bsp_key.o
    0x08008868   0x08008868   0x00000289   Data   RO            8    .rodata.str1.1      main.o
    0x08008af1   0x08008af1   0x00000012   Data   RO           33    .rodata.str1.1      bsp.o
    0x08008b03   0x08008b03   0x0000006c   Data   RO          157    .rodata.str1.1      bsp_timer.o
    0x08008b6f   0x08008b6f   0x00000020   Data   RO          208    .rodata.str1.1      bsp_uart_fifo.o
    0x08008b8f   0x08008b8f   0x0000002a   Data   RO         1306    .rodata.str1.1      segger_hardfaulthandler.o
    0x08008bb9   0x08008bb9   0x00000003   PAD
    0x08008bbc   0x08008bbc   0x00000020   Data   RO         1824    Region$$Table       anon$$obj.o
    0x08008bdc   0x08008bdc   0x0000001c   Data   RO         1590    locale$$data        c_w.l(lc_numeric_c.o)
    0x08008bf8   0x08008bf8   0x00000110   Data   RO         1719    locale$$data        c_w.l(lc_ctype_c.o)


    Execution Region ER_RW (Exec base: 0x20000000, Load base: 0x08008d08, Size: 0x0000001c, Max: 0xffffffff, ABSOLUTE)

    Exec Addr    Load Addr    Size         Type   Attr      Idx    E Section Name        Object

    0x20000000   0x08008d08   0x00000004   Data   RW         1422    .data               c_w.l(stdio_streams.o)
    0x20000004   0x08008d0c   0x00000004   Data   RW         1423    .data               c_w.l(stdio_streams.o)
    0x20000008   0x08008d10   0x00000004   Data   RW         1424    .data               c_w.l(stdio_streams.o)
    0x2000000c   0x08008d14   0x00000004   Data   RW         1290    .data.SystemCoreClock  system_stm32h7xx.o
    0x20000010   0x08008d18   0x00000004   Data   RW         1291    .data.SystemD2Clock  system_stm32h7xx.o
    0x20000014   0x08008d1c   0x00000001   Data   RW          324    .data.uwTickFreq    stm32h7xx_hal.o
    0x20000015   0x08008d1d   0x00000003   PAD
    0x20000018   0x08008d20   0x00000004   Data   RW          323    .data.uwTickPrio    stm32h7xx_hal.o


    Execution Region ER_ZI (Exec base: 0x20000020, Load base: 0x08008d24, Size: 0x000010d8, Max: 0xffffffff, ABSOLUTE)

    Exec Addr    Load Addr    Size         Type   Attr      Idx    E Section Name        Object

    0x20000020        -       0x00000054   Zero   RW         1419    .bss                c_w.l(stdio_streams.o)
    0x20000074        -       0x00000054   Zero   RW         1420    .bss                c_w.l(stdio_streams.o)
    0x200000c8        -       0x00000054   Zero   RW         1421    .bss                c_w.l(stdio_streams.o)
    0x2000011c        -       0x00000060   Zero   RW         1682    .bss                c_w.l(libspace.o)
    0x2000017c        -       0x00000040   Zero   RW         1305    .bss.HardFaultRegs  segger_hardfaulthandler.o
    0x200001bc        -       0x00000001   Zero   RW          154    .bss.SysTick_ISR.s_count  bsp_timer.o
    0x200001bd   0x08008d24   0x00000003   PAD
    0x200001c0        -       0x00000004   Zero   RW         1307    .bss._Continue      segger_hardfaulthandler.o
    0x200001c4        -       0x00000400   Zero   RW          210    .bss.g_RxBuf1       bsp_uart_fifo.o
    0x200005c4        -       0x00000400   Zero   RW          209    .bss.g_TxBuf1       bsp_uart_fifo.o
    0x200009c4        -       0x00000004   Zero   RW          151    .bss.g_iRunTime     bsp_timer.o
    0x200009c8        -       0x0000002c   Zero   RW          207    .bss.g_tUart1       bsp_uart_fifo.o
    0x200009f4        -       0x00000001   Zero   RW          153    .bss.g_ucEnableSystickISR  bsp_timer.o
    0x200009f5   0x08008d24   0x00000003   PAD
    0x200009f8        -       0x00000004   Zero   RW          158    .bss.s_TIM_CallBack1  bsp_timer.o
    0x200009fc        -       0x00000004   Zero   RW          159    .bss.s_TIM_CallBack2  bsp_timer.o
    0x20000a00        -       0x00000004   Zero   RW          160    .bss.s_TIM_CallBack3  bsp_timer.o
    0x20000a04        -       0x00000004   Zero   RW          161    .bss.s_TIM_CallBack4  bsp_timer.o
    0x20000a08        -       0x000000a0   Zero   RW           93    .bss.s_tBtn         bsp_key.o
    0x20000aa8        -       0x0000000d   Zero   RW           92    .bss.s_tKey         bsp_key.o
    0x20000ab5   0x08008d24   0x00000003   PAD
    0x20000ab8        -       0x00000030   Zero   RW          152    .bss.s_tTmr         bsp_timer.o
    0x20000ae8        -       0x00000001   Zero   RW          156    .bss.s_ucTimeOutFlag  bsp_timer.o
    0x20000ae9   0x08008d24   0x00000003   PAD
    0x20000aec        -       0x00000004   Zero   RW          155    .bss.s_uiDelayCount  bsp_timer.o
    0x20000af0        -       0x00000004   Zero   RW          325    .bss.uwTick         stm32h7xx_hal.o
    0x20000af4   0x08008d24   0x00000004   PAD
    0x20000af8        -       0x00000200   Zero   RW          218    HEAP                startup_stm32h750xx.o
    0x20000cf8        -       0x00000400   Zero   RW          217    STACK               startup_stm32h750xx.o


==============================================================================

Image component sizes


      Code (inc. data)   RO Data    RW Data    ZI Data      Debug   Object Name

       748          0         18          0          0       7124   bsp.o
      1250          0         64          0        173       7292   bsp_key.o
       410          0          0          0          0       1736   bsp_led.o
      1536          0        108          0         75      15888   bsp_timer.o
      1002          0         32          0       2092      16114   bsp_uart_fifo.o
        18          0          0          0          0        252   hardfaulthandler.o
       456          0        649          0          0       1538   main.o
       358          0         42          0         68       3261   segger_hardfaulthandler.o
        64         26        664          0       1536        948   startup_stm32h750xx.o
       328          0          0          5          4      13806   stm32h7xx_hal.o
       688          0          0          0          0      11630   stm32h7xx_hal_cortex.o
      1048          0          0          0          0       7009   stm32h7xx_hal_gpio.o
      5026         66          0          0          0      11961   stm32h7xx_hal_rcc.o
      6578         96          0          0          0      19339   stm32h7xx_hal_rcc_ex.o
       856          0          0          0          0      37582   stm32h7xx_hal_tim.o
      3596        258         24          0          0      29250   stm32h7xx_hal_uart.o
        20          0          0          0          0        829   stm32h7xx_it.o
       352          0         16          8          0       5977   system_stm32h7xx.o

    ----------------------------------------------------------------------
     24622        454       1652         16       3964     191536   Object Totals
         0          0         32          0          0          0   (incl. Generated)
       288          8          3          3         16          0   (incl. Padding)

    ----------------------------------------------------------------------

      Code (inc. data)   RO Data    RW Data    ZI Data      Debug   Library Member Name

         8          0          0          0          0         68   __main.o
       392          4         17          0          0         92   __printf_flags_ss_wp.o
        14          0          0          0          0         68   __printf_wp.o
         0          0          0          0          0          0   __rtentry.o
        12          0          0          0          0          0   __rtentry2.o
         6          0          0          0          0          0   __rtentry4.o
        94          8          0          0          0          0   __scatter.o
        26          0          0          0          0          0   __scatter_copy.o
        28          0          0          0          0          0   __scatter_zi.o
        72          0          0          0          0         96   _c16rtomb.o
         6          0          0          0          0          0   _printf_a.o
         6          0          0          0          0          0   _printf_c.o
        44          0          0          0          0        108   _printf_char.o
        48          6          0          0          0         96   _printf_char_common.o
        36          4          0          0          0         80   _printf_char_file.o
        40          0          0          0          0         68   _printf_charcount.o
         6          0          0          0          0          0   _printf_d.o
       120         16          0          0          0         92   _printf_dec.o
         6          0          0          0          0          0   _printf_e.o
         6          0          0          0          0          0   _printf_f.o
      1052          0          0          0          0        148   _printf_fp_dec.o
       764          8         38          0          0        100   _printf_fp_hex.o
       128         16          0          0          0         84   _printf_fp_infnan.o
         6          0          0          0          0          0   _printf_g.o
       148          4         40          0          0        160   _printf_hex_int_ll_ptr.o
         6          0          0          0          0          0   _printf_i.o
       178          0          0          0          0         88   _printf_intcommon.o
        10          0          0          0          0          0   _printf_l.o
         6          0          0          0          0          0   _printf_lc.o
        10          0          0          0          0          0   _printf_ll.o
         6          0          0          0          0          0   _printf_lld.o
         6          0          0          0          0          0   _printf_lli.o
         6          0          0          0          0          0   _printf_llo.o
         6          0          0          0          0          0   _printf_llu.o
         6          0          0          0          0          0   _printf_llx.o
       124         16          0          0          0         92   _printf_longlong_dec.o
         6          0          0          0          0          0   _printf_ls.o
         6          0          0          0          0          0   _printf_n.o
         6          0          0          0          0          0   _printf_o.o
       112          8          0          0          0        124   _printf_oct_int_ll.o
         6          0          0          0          0          0   _printf_p.o
        78          0          0          0          0        108   _printf_pad.o
         0          0          0          0          0          0   _printf_percent.o
         4          0          0          0          0          0   _printf_percent_end.o
         6          0          0          0          0          0   _printf_s.o
        82          0          0          0          0         80   _printf_str.o
        36          0          0          0          0         84   _printf_truncate.o
         6          0          0          0          0          0   _printf_u.o
        44          0          0          0          0        108   _printf_wchar.o
       188          6          8          0          0         92   _printf_wctomb.o
         6          0          0          0          0          0   _printf_x.o
       228          4        148          0          0         96   bigflt0.o
      1936        128          0          0          0        668   btod.o
        10          0          0          0          0         68   defsig_exit.o
        50          0          0          0          0         88   defsig_general.o
        80         58          0          0          0         76   defsig_rtmem_inner.o
        14          0          0          0          0         80   defsig_rtmem_outer.o
        52         38          0          0          0         76   defsig_rtred_inner.o
        14          0          0          0          0         80   defsig_rtred_outer.o
        18          0          0          0          0         80   exit.o
        76          0          0          0          0         88   fclose.o
         8          0          0          0          0         68   ferror.o
       240          6          0          0          0        128   fopen.o
       248          6          0          0          0         84   fseek.o
        66          0          0          0          0         76   ftell.o
        94          0          0          0          0         80   h1_alloc.o
        52          0          0          0          0         68   h1_extend.o
        78          0          0          0          0         80   h1_free.o
        12          0          0          0          0         84   h1_init.o
         6          0          0          0          0        152   heapauxi.o
         4          0          0          0          0        136   hguard.o
         0          0          0          0          0          0   indicate_semi.o
       138          0          0          0          0        168   init_alloc.o
       312         46          0          0          0        112   initio.o
        44         10        272          0          0         76   lc_ctype_c.o
        44         10         28          0          0         76   lc_numeric_c.o
         2          0          0          0          0          0   libinit.o
        46          0          0          0          0          0   libinit2.o
         2          0          0          0          0          0   libshutdown.o
         6          0          0          0          0          0   libshutdown2.o
         8          4          0          0         96         68   libspace.o
       138          0          0          0          0         80   lludiv10.o
       240          0          0          0          0        100   lludivv7m.o
         0          0          0          0          0          0   maybetermalloc1.o
        24          4          0          0          0         84   printf.o
        16          4          0          0          0         76   rt_ctype_table.o
         8          4          0          0          0         68   rt_errno_addr_intlibspace.o
         8          4          0          0          0         68   rt_heap_descriptor_intlibspace.o
         8          4          0          0          0         68   rt_locale_intlibspace.o
        78          0          0          0          0         80   rt_memclr_w.o
         2          0          0          0          0          0   rtexit.o
        10          0          0          0          0          0   rtexit2.o
        70          0          0          0          0         80   setvbuf.o
       264          6          0          0          0        160   stdio.o
         0          0          0         12        252          0   stdio_streams.o
       124          0          0          0          0         88   strcmpv7m_pel.o
        62          0          0          0          0         76   strlen.o
        12          4          0          0          0         68   sys_exit.o
       102          0          0          0          0        240   sys_io.o
         0          0         12          0          0          0   sys_io_names.o
        74          0          0          0          0         80   sys_stackheap_outer.o
        14          0          0          0          0         76   sys_wrch.o
         2          0          0          0          0         68   use_no_semi.o
        26          0          0          0          0        116   fpinit.o
         4          0          0          0          0        116   printf1.o
         4          0          0          0          0        116   printf2.o
         0          0          0          0          0          0   usenofp.o
        48          0          0          0          0        124   fpclassify.o

    ----------------------------------------------------------------------
      9266        440        564         12        348       6924   Library Totals
        22          4          1          0          0          0   (incl. Padding)

    ----------------------------------------------------------------------

      Code (inc. data)   RO Data    RW Data    ZI Data      Debug   Library Name

      9162        436        563         12        348       6452   c_w.l
        34          0          0          0          0        348   fz_wv.l
        48          0          0          0          0        124   m_wv.l

    ----------------------------------------------------------------------
      9266        440        564         12        348       6924   Library Totals

    ----------------------------------------------------------------------

==============================================================================


      Code (inc. data)   RO Data    RW Data    ZI Data      Debug   

     33888        894       2216         28       4312     194544   Grand Totals
     33888        894       2216         28       4312     194544   ELF Image Totals
     33888        894       2216         28          0          0   ROM Totals

==============================================================================

    Total RO  Size (Code + RO Data)                36104 (  35.26kB)
    Total RW  Size (RW Data + ZI Data)              4340 (   4.24kB)
    Total ROM Size (Code + RO Data + RW Data)      36132 (  35.29kB)

==============================================================================

